The target system is: Generic -  - 
The host system is: Darwin - 25.2.0 - arm64
Compiling the C compiler identification source file "CMakeCCompilerId.c" succeeded.
Compiler: /Users/krzysztof/.espressif/tools/xtensa-esp32-elf/esp-12.2.0_20230208/xtensa-esp32-elf/bin/xtensa-esp32-elf-gcc 
Build flags: -mlongcalls;-Wno-frame-address;
Id flags:  

The output was:
0


Compilation of the C compiler identification source "CMakeCCompilerId.c" produced "a.out"

The C compiler identification is GNU, found in "/Users/krzysztof/VSCode/SpoolSense/build/CMakeFiles/3.24.4/CompilerIdC/a.out"

Compiling the CXX compiler identification source file "CMakeCXXCompilerId.cpp" succeeded.
Compiler: /Users/krzysztof/.espressif/tools/xtensa-esp32-elf/esp-12.2.0_20230208/xtensa-esp32-elf/bin/xtensa-esp32-elf-g++ 
Build flags: -mlongcalls;-Wno-frame-address;
Id flags:  

The output was:
0


Compilation of the CXX compiler identification source "CMakeCXXCompilerId.cpp" produced "a.out"

The CXX compiler identification is GNU, found in "/Users/krzysztof/VSCode/SpoolSense/build/CMakeFiles/3.24.4/CompilerIdCXX/a.out"

Checking whether the ASM compiler is GNU using "--version" matched "(GNU assembler)|(GCC)|(Free Software Foundation)":
xtensa-esp32-elf-gcc (crosstool-NG esp-12.2.0_20230208) 12.2.0
Copyright (C) 2022 Free Software Foundation, Inc.
This is free software; see the source for copying conditions.  There is NO
warranty; not even for MERCHANTABILITY or FITNESS FOR A PARTICULAR PURPOSE.

Detecting C compiler ABI info compiled with the following output:
Change Dir: /Users/krzysztof/VSCode/SpoolSense/build/CMakeFiles/CMakeTmp

Run Build Command(s):/opt/local/bin/ninja cmTC_bf37c && [1/2] Building C object CMakeFiles/cmTC_bf37c.dir/CMakeCCompilerABI.c.obj
Using built-in specs.
COLLECT_GCC=/Users/krzysztof/.espressif/tools/xtensa-esp32-elf/esp-12.2.0_20230208/xtensa-esp32-elf/bin/xtensa-esp32-elf-gcc
Target: xtensa-esp32-elf
Configured with: /Users/brnomac003/.gitlab-runner/builds/qR2TxTby/0/idf/crosstool-NG/.build/xtensa-esp32-elf/src/gcc/configure --build=aarch64-build_apple-darwin21.4.0 --host=aarch64-build_apple-darwin21.4.0 --target=xtensa-esp32-elf --prefix=/Users/brnomac003/.gitlab-runner/builds/qR2TxTby/0/idf/crosstool-NG/builds/xtensa-esp32-elf --exec_prefix=/Users/brnomac003/.gitlab-runner/builds/qR2TxTby/0/idf/crosstool-NG/builds/xtensa-esp32-elf --with-local-prefix=/Users/brnomac003/.gitlab-runner/builds/qR2TxTby/0/idf/crosstool-NG/builds/xtensa-esp32-elf/xtensa-esp32-elf --with-headers=/Users/brnomac003/.gitlab-runner/builds/qR2TxTby/0/idf/crosstool-NG/builds/xtensa-esp32-elf/xtensa-esp32-elf/include --with-newlib --enable-threads=no --disable-shared --with-pkgversion='crosstool-NG esp-12.2.0_20230208' --disable-__cxa_atexit --enable-cxx-flags=-ffunction-sections --disable-libgomp --disable-libmudflap --disable-libmpx --disable-libssp --disable-libquadmath --disable-libquadmath-support --disable-libstdcxx-verbose --with-gmp=/Users/brnomac003/.gitlab-runner/builds/qR2TxTby/0/idf/crosstool-NG/.build/xtensa-esp32-elf/buildtools --with-mpfr=/Users/brnomac003/.gitlab-runner/builds/qR2TxTby/0/idf/crosstool-NG/.build/xtensa-esp32-elf/buildtools --with-mpc=/Users/brnomac003/.gitlab-runner/builds/qR2TxTby/0/idf/crosstool-NG/.build/xtensa-esp32-elf/buildtools --with-isl=/Users/brnomac003/.gitlab-runner/builds/qR2TxTby/0/idf/crosstool-NG/.build/xtensa-esp32-elf/buildtools --enable-lto --enable-target-optspace --without-long-double-128 --disable-nls --enable-multiarch --enable-languages=c,c++ --disable-libstdcxx-verbose --enable-threads=posix --enable-gcov-custom-rtio --enable-libstdcxx-time=yes
Thread model: posix
Supported LTO compression algorithms: zlib
gcc version 12.2.0 (crosstool-NG esp-12.2.0_20230208) 
COLLECT_GCC_OPTIONS='-mlongcalls' '-Wno-frame-address' '-v' '-o' 'CMakeFiles/cmTC_bf37c.dir/CMakeCCompilerABI.c.obj' '-c' '-dumpdir' 'CMakeFiles/cmTC_bf37c.dir/'
 /Users/krzysztof/.espressif/tools/xtensa-esp32-elf/esp-12.2.0_20230208/xtensa-esp32-elf/bin/../libexec/gcc/xtensa-esp32-elf/12.2.0/cc1 -quiet -v -iprefix /Users/krzysztof/.espressif/tools/xtensa-esp32-elf/esp-12.2.0_20230208/xtensa-esp32-elf/bin/../lib/gcc/xtensa-esp32-elf/12.2.0/ /opt/local/share/cmake-3.24/Modules/CMakeCCompilerABI.c -quiet -dumpdir CMakeFiles/cmTC_bf37c.dir/ -dumpbase CMakeCCompilerABI.c.c -dumpbase-ext .c -mlongcalls -Wno-frame-address -version -o /var/folders/dm/001043k534bcc805s83rjrmc0000gn/T//cc7FJFPh.s
GNU C17 (crosstool-NG esp-12.2.0_20230208) version 12.2.0 (xtensa-esp32-elf)
	compiled by GNU C version Apple LLVM 13.0.0 (clang-1300.0.27.3), GMP version 6.2.1, MPFR version 4.1.0, MPC version 1.2.1, isl version isl-0.24-GMP

GGC heuristics: --param ggc-min-expand=100 --param ggc-min-heapsize=131072
ignoring duplicate directory "/Users/krzysztof/.espressif/tools/xtensa-esp32-elf/esp-12.2.0_20230208/xtensa-esp32-elf/bin/../lib/gcc/../../lib/gcc/xtensa-esp32-elf/12.2.0/include"
ignoring duplicate directory "/Users/krzysztof/.espressif/tools/xtensa-esp32-elf/esp-12.2.0_20230208/xtensa-esp32-elf/bin/../lib/gcc/../../lib/gcc/xtensa-esp32-elf/12.2.0/include-fixed"
ignoring duplicate directory "/Users/krzysztof/.espressif/tools/xtensa-esp32-elf/esp-12.2.0_20230208/xtensa-esp32-elf/bin/../lib/gcc/../../lib/gcc/xtensa-esp32-elf/12.2.0/../../../../xtensa-esp32-elf/sys-include"
ignoring duplicate directory "/Users/krzysztof/.espressif/tools/xtensa-esp32-elf/esp-12.2.0_20230208/xtensa-esp32-elf/bin/../lib/gcc/../../lib/gcc/xtensa-esp32-elf/12.2.0/../../../../xtensa-esp32-elf/include"
#include "..." search starts here:
#include <...> search starts here:
 /Users/krzysztof/.espressif/tools/xtensa-esp32-elf/esp-12.2.0_20230208/xtensa-esp32-elf/bin/../lib/gcc/xtensa-esp32-elf/12.2.0/include
 /Users/krzysztof/.espressif/tools/xtensa-esp32-elf/esp-12.2.0_20230208/xtensa-esp32-elf/bin/../lib/gcc/xtensa-esp32-elf/12.2.0/include-fixed
 /Users/krzysztof/.espressif/tools/xtensa-esp32-elf/esp-12.2.0_20230208/xtensa-esp32-elf/bin/../lib/gcc/xtensa-esp32-elf/12.2.0/../../../../xtensa-esp32-elf/sys-include
 /Users/krzysztof/.espressif/tools/xtensa-esp32-elf/esp-12.2.0_20230208/xtensa-esp32-elf/bin/../lib/gcc/xtensa-esp32-elf/12.2.0/../../../../xtensa-esp32-elf/include
End of search list.
GNU C17 (crosstool-NG esp-12.2.0_20230208) version 12.2.0 (xtensa-esp32-elf)
	compiled by GNU C version Apple LLVM 13.0.0 (clang-1300.0.27.3), GMP version 6.2.1, MPFR version 4.1.0, MPC version 1.2.1, isl version isl-0.24-GMP

GGC heuristics: --param ggc-min-expand=100 --param ggc-min-heapsize=131072
Compiler executable checksum: 41045ea1f6ee309545637b31d7699b95
COLLECT_GCC_OPTIONS='-mlongcalls' '-Wno-frame-address' '-v' '-o' 'CMakeFiles/cmTC_bf37c.dir/CMakeCCompilerABI.c.obj' '-c' '-dumpdir' 'CMakeFiles/cmTC_bf37c.dir/'
 /Users/krzysztof/.espressif/tools/xtensa-esp32-elf/esp-12.2.0_20230208/xtensa-esp32-elf/bin/../lib/gcc/xtensa-esp32-elf/12.2.0/../../../../xtensa-esp32-elf/bin/as --traditional-format --longcalls -o CMakeFiles/cmTC_bf37c.dir/CMakeCCompilerABI.c.obj /var/folders/dm/001043k534bcc805s83rjrmc0000gn/T//cc7FJFPh.s
COMPILER_PATH=/Users/krzysztof/.espressif/tools/xtensa-esp32-elf/esp-12.2.0_20230208/xtensa-esp32-elf/bin/../libexec/gcc/xtensa-esp32-elf/12.2.0/:/Users/krzysztof/.espressif/tools/xtensa-esp32-elf/esp-12.2.0_20230208/xtensa-esp32-elf/bin/../libexec/gcc/:/Users/krzysztof/.espressif/tools/xtensa-esp32-elf/esp-12.2.0_20230208/xtensa-esp32-elf/bin/../lib/gcc/xtensa-esp32-elf/12.2.0/../../../../xtensa-esp32-elf/bin/
LIBRARY_PATH=/Users/krzysztof/.espressif/tools/xtensa-esp32-elf/esp-12.2.0_20230208/xtensa-esp32-elf/bin/../lib/gcc/xtensa-esp32-elf/12.2.0/:/Users/krzysztof/.espressif/tools/xtensa-esp32-elf/esp-12.2.0_20230208/xtensa-esp32-elf/bin/../lib/gcc/:/Users/krzysztof/.espressif/tools/xtensa-esp32-elf/esp-12.2.0_20230208/xtensa-esp32-elf/bin/../lib/gcc/xtensa-esp32-elf/12.2.0/../../../../xtensa-esp32-elf/lib/
COLLECT_GCC_OPTIONS='-mlongcalls' '-Wno-frame-address' '-v' '-o' 'CMakeFiles/cmTC_bf37c.dir/CMakeCCompilerABI.c.obj' '-c' '-dumpdir' 'CMakeFiles/cmTC_bf37c.dir/CMakeCCompilerABI.c.'
[2/2] Linking C executable cmTC_bf37c
Using built-in specs.
COLLECT_GCC=/Users/krzysztof/.espressif/tools/xtensa-esp32-elf/esp-12.2.0_20230208/xtensa-esp32-elf/bin/xtensa-esp32-elf-gcc
COLLECT_LTO_WRAPPER=/Users/krzysztof/.espressif/tools/xtensa-esp32-elf/esp-12.2.0_20230208/xtensa-esp32-elf/bin/../libexec/gcc/xtensa-esp32-elf/12.2.0/lto-wrapper
Target: xtensa-esp32-elf
Configured with: /Users/brnomac003/.gitlab-runner/builds/qR2TxTby/0/idf/crosstool-NG/.build/xtensa-esp32-elf/src/gcc/configure --build=aarch64-build_apple-darwin21.4.0 --host=aarch64-build_apple-darwin21.4.0 --target=xtensa-esp32-elf --prefix=/Users/brnomac003/.gitlab-runner/builds/qR2TxTby/0/idf/crosstool-NG/builds/xtensa-esp32-elf --exec_prefix=/Users/brnomac003/.gitlab-runner/builds/qR2TxTby/0/idf/crosstool-NG/builds/xtensa-esp32-elf --with-local-prefix=/Users/brnomac003/.gitlab-runner/builds/qR2TxTby/0/idf/crosstool-NG/builds/xtensa-esp32-elf/xtensa-esp32-elf --with-headers=/Users/brnomac003/.gitlab-runner/builds/qR2TxTby/0/idf/crosstool-NG/builds/xtensa-esp32-elf/xtensa-esp32-elf/include --with-newlib --enable-threads=no --disable-shared --with-pkgversion='crosstool-NG esp-12.2.0_20230208' --disable-__cxa_atexit --enable-cxx-flags=-ffunction-sections --disable-libgomp --disable-libmudflap --disable-libmpx --disable-libssp --disable-libquadmath --disable-libquadmath-support --disable-libstdcxx-verbose --with-gmp=/Users/brnomac003/.gitlab-runner/builds/qR2TxTby/0/idf/crosstool-NG/.build/xtensa-esp32-elf/buildtools --with-mpfr=/Users/brnomac003/.gitlab-runner/builds/qR2TxTby/0/idf/crosstool-NG/.build/xtensa-esp32-elf/buildtools --with-mpc=/Users/brnomac003/.gitlab-runner/builds/qR2TxTby/0/idf/crosstool-NG/.build/xtensa-esp32-elf/buildtools --with-isl=/Users/brnomac003/.gitlab-runner/builds/qR2TxTby/0/idf/crosstool-NG/.build/xtensa-esp32-elf/buildtools --enable-lto --enable-target-optspace --without-long-double-128 --disable-nls --enable-multiarch --enable-languages=c,c++ --disable-libstdcxx-verbose --enable-threads=posix --enable-gcov-custom-rtio --enable-libstdcxx-time=yes
Thread model: posix
Supported LTO compression algorithms: zlib
gcc version 12.2.0 (crosstool-NG esp-12.2.0_20230208) 
COMPILER_PATH=/Users/krzysztof/.espressif/tools/xtensa-esp32-elf/esp-12.2.0_20230208/xtensa-esp32-elf/bin/../libexec/gcc/xtensa-esp32-elf/12.2.0/:/Users/krzysztof/.espressif/tools/xtensa-esp32-elf/esp-12.2.0_20230208/xtensa-esp32-elf/bin/../libexec/gcc/:/Users/krzysztof/.espressif/tools/xtensa-esp32-elf/esp-12.2.0_20230208/xtensa-esp32-elf/bin/../lib/gcc/xtensa-esp32-elf/12.2.0/../../../../xtensa-esp32-elf/bin/
LIBRARY_PATH=/Users/krzysztof/.espressif/tools/xtensa-esp32-elf/esp-12.2.0_20230208/xtensa-esp32-elf/bin/../lib/gcc/xtensa-esp32-elf/12.2.0/:/Users/krzysztof/.espressif/tools/xtensa-esp32-elf/esp-12.2.0_20230208/xtensa-esp32-elf/bin/../lib/gcc/:/Users/krzysztof/.espressif/tools/xtensa-esp32-elf/esp-12.2.0_20230208/xtensa-esp32-elf/bin/../lib/gcc/xtensa-esp32-elf/12.2.0/../../../../xtensa-esp32-elf/lib/
COLLECT_GCC_OPTIONS='-mlongcalls' '-Wno-frame-address' '-v' '-o' 'cmTC_bf37c' '-dumpdir' 'cmTC_bf37c.'
 /Users/krzysztof/.espressif/tools/xtensa-esp32-elf/esp-12.2.0_20230208/xtensa-esp32-elf/bin/../libexec/gcc/xtensa-esp32-elf/12.2.0/collect2 -plugin /Users/krzysztof/.espressif/tools/xtensa-esp32-elf/esp-12.2.0_20230208/xtensa-esp32-elf/bin/../libexec/gcc/xtensa-esp32-elf/12.2.0/liblto_plugin.so -plugin-opt=/Users/krzysztof/.espressif/tools/xtensa-esp32-elf/esp-12.2.0_20230208/xtensa-esp32-elf/bin/../libexec/gcc/xtensa-esp32-elf/12.2.0/lto-wrapper -plugin-opt=-fresolution=/var/folders/dm/001043k534bcc805s83rjrmc0000gn/T//ccfZxoUj.res -plugin-opt=-pass-through=-lgcc -plugin-opt=-pass-through=-lc -plugin-opt=-pass-through=-lnosys -plugin-opt=-pass-through=-lc -plugin-opt=-pass-through=-lgcc -o cmTC_bf37c /Users/krzysztof/.espressif/tools/xtensa-esp32-elf/esp-12.2.0_20230208/xtensa-esp32-elf/bin/../lib/gcc/xtensa-esp32-elf/12.2.0/../../../../xtensa-esp32-elf/lib/crt0.o /Users/krzysztof/.espressif/tools/xtensa-esp32-elf/esp-12.2.0_20230208/xtensa-esp32-elf/bin/../lib/gcc/xtensa-esp32-elf/12.2.0/crti.o /Users/krzysztof/.espressif/tools/xtensa-esp32-elf/esp-12.2.0_20230208/xtensa-esp32-elf/bin/../lib/gcc/xtensa-esp32-elf/12.2.0/crtbegin.o -L/Users/krzysztof/.espressif/tools/xtensa-esp32-elf/esp-12.2.0_20230208/xtensa-esp32-elf/bin/../lib/gcc/xtensa-esp32-elf/12.2.0 -L/Users/krzysztof/.espressif/tools/xtensa-esp32-elf/esp-12.2.0_20230208/xtensa-esp32-elf/bin/../lib/gcc -L/Users/krzysztof/.espressif/tools/xtensa-esp32-elf/esp-12.2.0_20230208/xtensa-esp32-elf/bin/../lib/gcc/xtensa-esp32-elf/12.2.0/../../../../xtensa-esp32-elf/lib CMakeFiles/cmTC_bf37c.dir/CMakeCCompilerABI.c.obj -lgcc -lc -lnosys -lc -lgcc /Users/krzysztof/.espressif/tools/xtensa-esp32-elf/esp-12.2.0_20230208/xtensa-esp32-elf/bin/../lib/gcc/xtensa-esp32-elf/12.2.0/crtend.o /Users/krzysztof/.espressif/tools/xtensa-esp32-elf/esp-12.2.0_20230208/xtensa-esp32-elf/bin/../lib/gcc/xtensa-esp32-elf/12.2.0/crtn.o
COLLECT_GCC_OPTIONS='-mlongcalls' '-Wno-frame-address' '-v' '-o' 'cmTC_bf37c' '-dumpdir' 'cmTC_bf37c.'



Parsed C implicit include dir info from above output: rv=done
  found start of include info
  found start of implicit include info
    add: [/Users/krzysztof/.espressif/tools/xtensa-esp32-elf/esp-12.2.0_20230208/xtensa-esp32-elf/bin/../lib/gcc/xtensa-esp32-elf/12.2.0/include]
    add: [/Users/krzysztof/.espressif/tools/xtensa-esp32-elf/esp-12.2.0_20230208/xtensa-esp32-elf/bin/../lib/gcc/xtensa-esp32-elf/12.2.0/include-fixed]
    add: [/Users/krzysztof/.espressif/tools/xtensa-esp32-elf/esp-12.2.0_20230208/xtensa-esp32-elf/bin/../lib/gcc/xtensa-esp32-elf/12.2.0/../../../../xtensa-esp32-elf/sys-include]
    add: [/Users/krzysztof/.espressif/tools/xtensa-esp32-elf/esp-12.2.0_20230208/xtensa-esp32-elf/bin/../lib/gcc/xtensa-esp32-elf/12.2.0/../../../../xtensa-esp32-elf/include]
  end of search list found
  collapse include dir [/Users/krzysztof/.espressif/tools/xtensa-esp32-elf/esp-12.2.0_20230208/xtensa-esp32-elf/bin/../lib/gcc/xtensa-esp32-elf/12.2.0/include] ==> [/Users/krzysztof/.espressif/tools/xtensa-esp32-elf/esp-12.2.0_20230208/xtensa-esp32-elf/lib/gcc/xtensa-esp32-elf/12.2.0/include]
  collapse include dir [/Users/krzysztof/.espressif/tools/xtensa-esp32-elf/esp-12.2.0_20230208/xtensa-esp32-elf/bin/../lib/gcc/xtensa-esp32-elf/12.2.0/include-fixed] ==> [/Users/krzysztof/.espressif/tools/xtensa-esp32-elf/esp-12.2.0_20230208/xtensa-esp32-elf/lib/gcc/xtensa-esp32-elf/12.2.0/include-fixed]
  collapse include dir [/Users/krzysztof/.espressif/tools/xtensa-esp32-elf/esp-12.2.0_20230208/xtensa-esp32-elf/bin/../lib/gcc/xtensa-esp32-elf/12.2.0/../../../../xtensa-esp32-elf/sys-include] ==> [/Users/krzysztof/.espressif/tools/xtensa-esp32-elf/esp-12.2.0_20230208/xtensa-esp32-elf/xtensa-esp32-elf/sys-include]
  collapse include dir [/Users/krzysztof/.espressif/tools/xtensa-esp32-elf/esp-12.2.0_20230208/xtensa-esp32-elf/bin/../lib/gcc/xtensa-esp32-elf/12.2.0/../../../../xtensa-esp32-elf/include] ==> [/Users/krzysztof/.espressif/tools/xtensa-esp32-elf/esp-12.2.0_20230208/xtensa-esp32-elf/xtensa-esp32-elf/include]
  implicit include dirs: [/Users/krzysztof/.espressif/tools/xtensa-esp32-elf/esp-12.2.0_20230208/xtensa-esp32-elf/lib/gcc/xtensa-esp32-elf/12.2.0/include;/Users/krzysztof/.espressif/tools/xtensa-esp32-elf/esp-12.2.0_20230208/xtensa-esp32-elf/lib/gcc/xtensa-esp32-elf/12.2.0/include-fixed;/Users/krzysztof/.espressif/tools/xtensa-esp32-elf/esp-12.2.0_20230208/xtensa-esp32-elf/xtensa-esp32-elf/sys-include;/Users/krzysztof/.espressif/tools/xtensa-esp32-elf/esp-12.2.0_20230208/xtensa-esp32-elf/xtensa-esp32-elf/include]


Parsed C implicit link information from above output:
  link line regex: [^( *|.*[/\])(xtensa-esp32-elf-ld|CMAKE_LINK_STARTFILE-NOTFOUND|([^/\]+-)?ld|collect2)[^/\]*( |$)]
  ignore line: [Change Dir: /Users/krzysztof/VSCode/SpoolSense/build/CMakeFiles/CMakeTmp]
  ignore line: []
  ignore line: [Run Build Command(s):/opt/local/bin/ninja cmTC_bf37c && [1/2] Building C object CMakeFiles/cmTC_bf37c.dir/CMakeCCompilerABI.c.obj]
  ignore line: [Using built-in specs.]
  ignore line: [COLLECT_GCC=/Users/krzysztof/.espressif/tools/xtensa-esp32-elf/esp-12.2.0_20230208/xtensa-esp32-elf/bin/xtensa-esp32-elf-gcc]
  ignore line: [Target: xtensa-esp32-elf]
  ignore line: [Configured with: /Users/brnomac003/.gitlab-runner/builds/qR2TxTby/0/idf/crosstool-NG/.build/xtensa-esp32-elf/src/gcc/configure --build=aarch64-build_apple-darwin21.4.0 --host=aarch64-build_apple-darwin21.4.0 --target=xtensa-esp32-elf --prefix=/Users/brnomac003/.gitlab-runner/builds/qR2TxTby/0/idf/crosstool-NG/builds/xtensa-esp32-elf --exec_prefix=/Users/brnomac003/.gitlab-runner/builds/qR2TxTby/0/idf/crosstool-NG/builds/xtensa-esp32-elf --with-local-prefix=/Users/brnomac003/.gitlab-runner/builds/qR2TxTby/0/idf/crosstool-NG/builds/xtensa-esp32-elf/xtensa-esp32-elf --with-headers=/Users/brnomac003/.gitlab-runner/builds/qR2TxTby/0/idf/crosstool-NG/builds/xtensa-esp32-elf/xtensa-esp32-elf/include --with-newlib --enable-threads=no --disable-shared --with-pkgversion='crosstool-NG esp-12.2.0_20230208' --disable-__cxa_atexit --enable-cxx-flags=-ffunction-sections --disable-libgomp --disable-libmudflap --disable-libmpx --disable-libssp --disable-libquadmath --disable-libquadmath-support --disable-libstdcxx-verbose --with-gmp=/Users/brnomac003/.gitlab-runner/builds/qR2TxTby/0/idf/crosstool-NG/.build/xtensa-esp32-elf/buildtools --with-mpfr=/Users/brnomac003/.gitlab-runner/builds/qR2TxTby/0/idf/crosstool-NG/.build/xtensa-esp32-elf/buildtools --with-mpc=/Users/brnomac003/.gitlab-runner/builds/qR2TxTby/0/idf/crosstool-NG/.build/xtensa-esp32-elf/buildtools --with-isl=/Users/brnomac003/.gitlab-runner/builds/qR2TxTby/0/idf/crosstool-NG/.build/xtensa-esp32-elf/buildtools --enable-lto --enable-target-optspace --without-long-double-128 --disable-nls --enable-multiarch --enable-languages=c c++ --disable-libstdcxx-verbose --enable-threads=posix --enable-gcov-custom-rtio --enable-libstdcxx-time=yes]
  ignore line: [Thread model: posix]
  ignore line: [Supported LTO compression algorithms: zlib]
  ignore line: [gcc version 12.2.0 (crosstool-NG esp-12.2.0_20230208) ]
  ignore line: [COLLECT_GCC_OPTIONS='-mlongcalls' '-Wno-frame-address' '-v' '-o' 'CMakeFiles/cmTC_bf37c.dir/CMakeCCompilerABI.c.obj' '-c' '-dumpdir' 'CMakeFiles/cmTC_bf37c.dir/']
  ignore line: [ /Users/krzysztof/.espressif/tools/xtensa-esp32-elf/esp-12.2.0_20230208/xtensa-esp32-elf/bin/../libexec/gcc/xtensa-esp32-elf/12.2.0/cc1 -quiet -v -iprefix /Users/krzysztof/.espressif/tools/xtensa-esp32-elf/esp-12.2.0_20230208/xtensa-esp32-elf/bin/../lib/gcc/xtensa-esp32-elf/12.2.0/ /opt/local/share/cmake-3.24/Modules/CMakeCCompilerABI.c -quiet -dumpdir CMakeFiles/cmTC_bf37c.dir/ -dumpbase CMakeCCompilerABI.c.c -dumpbase-ext .c -mlongcalls -Wno-frame-address -version -o /var/folders/dm/001043k534bcc805s83rjrmc0000gn/T//cc7FJFPh.s]
  ignore line: [GNU C17 (crosstool-NG esp-12.2.0_20230208) version 12.2.0 (xtensa-esp32-elf)]
  ignore line: [	compiled by GNU C version Apple LLVM 13.0.0 (clang-1300.0.27.3)  GMP version 6.2.1  MPFR version 4.1.0  MPC version 1.2.1  isl version isl-0.24-GMP]
  ignore line: []
  ignore line: [GGC heuristics: --param ggc-min-expand=100 --param ggc-min-heapsize=131072]
  ignore line: [ignoring duplicate directory "/Users/krzysztof/.espressif/tools/xtensa-esp32-elf/esp-12.2.0_20230208/xtensa-esp32-elf/bin/../lib/gcc/../../lib/gcc/xtensa-esp32-elf/12.2.0/include"]
  ignore line: [ignoring duplicate directory "/Users/krzysztof/.espressif/tools/xtensa-esp32-elf/esp-12.2.0_20230208/xtensa-esp32-elf/bin/../lib/gcc/../../lib/gcc/xtensa-esp32-elf/12.2.0/include-fixed"]
  ignore line: [ignoring duplicate directory "/Users/krzysztof/.espressif/tools/xtensa-esp32-elf/esp-12.2.0_20230208/xtensa-esp32-elf/bin/../lib/gcc/../../lib/gcc/xtensa-esp32-elf/12.2.0/../../../../xtensa-esp32-elf/sys-include"]
  ignore line: [ignoring duplicate directory "/Users/krzysztof/.espressif/tools/xtensa-esp32-elf/esp-12.2.0_20230208/xtensa-esp32-elf/bin/../lib/gcc/../../lib/gcc/xtensa-esp32-elf/12.2.0/../../../../xtensa-esp32-elf/include"]
  ignore line: [#include "..." search starts here:]
  ignore line: [#include <...> search starts here:]
  ignore line: [ /Users/krzysztof/.espressif/tools/xtensa-esp32-elf/esp-12.2.0_20230208/xtensa-esp32-elf/bin/../lib/gcc/xtensa-esp32-elf/12.2.0/include]
  ignore line: [ /Users/krzysztof/.espressif/tools/xtensa-esp32-elf/esp-12.2.0_20230208/xtensa-esp32-elf/bin/../lib/gcc/xtensa-esp32-elf/12.2.0/include-fixed]
  ignore line: [ /Users/krzysztof/.espressif/tools/xtensa-esp32-elf/esp-12.2.0_20230208/xtensa-esp32-elf/bin/../lib/gcc/xtensa-esp32-elf/12.2.0/../../../../xtensa-esp32-elf/sys-include]
  ignore line: [ /Users/krzysztof/.espressif/tools/xtensa-esp32-elf/esp-12.2.0_20230208/xtensa-esp32-elf/bin/../lib/gcc/xtensa-esp32-elf/12.2.0/../../../../xtensa-esp32-elf/include]
  ignore line: [End of search list.]
  ignore line: [GNU C17 (crosstool-NG esp-12.2.0_20230208) version 12.2.0 (xtensa-esp32-elf)]
  ignore line: [	compiled by GNU C version Apple LLVM 13.0.0 (clang-1300.0.27.3)  GMP version 6.2.1  MPFR version 4.1.0  MPC version 1.2.1  isl version isl-0.24-GMP]
  ignore line: []
  ignore line: [GGC heuristics: --param ggc-min-expand=100 --param ggc-min-heapsize=131072]
  ignore line: [Compiler executable checksum: 41045ea1f6ee309545637b31d7699b95]
  ignore line: [COLLECT_GCC_OPTIONS='-mlongcalls' '-Wno-frame-address' '-v' '-o' 'CMakeFiles/cmTC_bf37c.dir/CMakeCCompilerABI.c.obj' '-c' '-dumpdir' 'CMakeFiles/cmTC_bf37c.dir/']
  ignore line: [ /Users/krzysztof/.espressif/tools/xtensa-esp32-elf/esp-12.2.0_20230208/xtensa-esp32-elf/bin/../lib/gcc/xtensa-esp32-elf/12.2.0/../../../../xtensa-esp32-elf/bin/as --traditional-format --longcalls -o CMakeFiles/cmTC_bf37c.dir/CMakeCCompilerABI.c.obj /var/folders/dm/001043k534bcc805s83rjrmc0000gn/T//cc7FJFPh.s]
  ignore line: [COMPILER_PATH=/Users/krzysztof/.espressif/tools/xtensa-esp32-elf/esp-12.2.0_20230208/xtensa-esp32-elf/bin/../libexec/gcc/xtensa-esp32-elf/12.2.0/:/Users/krzysztof/.espressif/tools/xtensa-esp32-elf/esp-12.2.0_20230208/xtensa-esp32-elf/bin/../libexec/gcc/:/Users/krzysztof/.espressif/tools/xtensa-esp32-elf/esp-12.2.0_20230208/xtensa-esp32-elf/bin/../lib/gcc/xtensa-esp32-elf/12.2.0/../../../../xtensa-esp32-elf/bin/]
  ignore line: [LIBRARY_PATH=/Users/krzysztof/.espressif/tools/xtensa-esp32-elf/esp-12.2.0_20230208/xtensa-esp32-elf/bin/../lib/gcc/xtensa-esp32-elf/12.2.0/:/Users/krzysztof/.espressif/tools/xtensa-esp32-elf/esp-12.2.0_20230208/xtensa-esp32-elf/bin/../lib/gcc/:/Users/krzysztof/.espressif/tools/xtensa-esp32-elf/esp-12.2.0_20230208/xtensa-esp32-elf/bin/../lib/gcc/xtensa-esp32-elf/12.2.0/../../../../xtensa-esp32-elf/lib/]
  ignore line: [COLLECT_GCC_OPTIONS='-mlongcalls' '-Wno-frame-address' '-v' '-o' 'CMakeFiles/cmTC_bf37c.dir/CMakeCCompilerABI.c.obj' '-c' '-dumpdir' 'CMakeFiles/cmTC_bf37c.dir/CMakeCCompilerABI.c.']
  ignore line: [[2/2] Linking C executable cmTC_bf37c]
  ignore line: [Using built-in specs.]
  ignore line: [COLLECT_GCC=/Users/krzysztof/.espressif/tools/xtensa-esp32-elf/esp-12.2.0_20230208/xtensa-esp32-elf/bin/xtensa-esp32-elf-gcc]
  ignore line: [COLLECT_LTO_WRAPPER=/Users/krzysztof/.espressif/tools/xtensa-esp32-elf/esp-12.2.0_20230208/xtensa-esp32-elf/bin/../libexec/gcc/xtensa-esp32-elf/12.2.0/lto-wrapper]
  ignore line: [Target: xtensa-esp32-elf]
  ignore line: [Configured with: /Users/brnomac003/.gitlab-runner/builds/qR2TxTby/0/idf/crosstool-NG/.build/xtensa-esp32-elf/src/gcc/configure --build=aarch64-build_apple-darwin21.4.0 --host=aarch64-build_apple-darwin21.4.0 --target=xtensa-esp32-elf --prefix=/Users/brnomac003/.gitlab-runner/builds/qR2TxTby/0/idf/crosstool-NG/builds/xtensa-esp32-elf --exec_prefix=/Users/brnomac003/.gitlab-runner/builds/qR2TxTby/0/idf/crosstool-NG/builds/xtensa-esp32-elf --with-local-prefix=/Users/brnomac003/.gitlab-runner/builds/qR2TxTby/0/idf/crosstool-NG/builds/xtensa-esp32-elf/xtensa-esp32-elf --with-headers=/Users/brnomac003/.gitlab-runner/builds/qR2TxTby/0/idf/crosstool-NG/builds/xtensa-esp32-elf/xtensa-esp32-elf/include --with-newlib --enable-threads=no --disable-shared --with-pkgversion='crosstool-NG esp-12.2.0_20230208' --disable-__cxa_atexit --enable-cxx-flags=-ffunction-sections --disable-libgomp --disable-libmudflap --disable-libmpx --disable-libssp --disable-libquadmath --disable-libquadmath-support --disable-libstdcxx-verbose --with-gmp=/Users/brnomac003/.gitlab-runner/builds/qR2TxTby/0/idf/crosstool-NG/.build/xtensa-esp32-elf/buildtools --with-mpfr=/Users/brnomac003/.gitlab-runner/builds/qR2TxTby/0/idf/crosstool-NG/.build/xtensa-esp32-elf/buildtools --with-mpc=/Users/brnomac003/.gitlab-runner/builds/qR2TxTby/0/idf/crosstool-NG/.build/xtensa-esp32-elf/buildtools --with-isl=/Users/brnomac003/.gitlab-runner/builds/qR2TxTby/0/idf/crosstool-NG/.build/xtensa-esp32-elf/buildtools --enable-lto --enable-target-optspace --without-long-double-128 --disable-nls --enable-multiarch --enable-languages=c c++ --disable-libstdcxx-verbose --enable-threads=posix --enable-gcov-custom-rtio --enable-libstdcxx-time=yes]
  ignore line: [Thread model: posix]
  ignore line: [Supported LTO compression algorithms: zlib]
  ignore line: [gcc version 12.2.0 (crosstool-NG esp-12.2.0_20230208) ]
  ignore line: [COMPILER_PATH=/Users/krzysztof/.espressif/tools/xtensa-esp32-elf/esp-12.2.0_20230208/xtensa-esp32-elf/bin/../libexec/gcc/xtensa-esp32-elf/12.2.0/:/Users/krzysztof/.espressif/tools/xtensa-esp32-elf/esp-12.2.0_20230208/xtensa-esp32-elf/bin/../libexec/gcc/:/Users/krzysztof/.espressif/tools/xtensa-esp32-elf/esp-12.2.0_20230208/xtensa-esp32-elf/bin/../lib/gcc/xtensa-esp32-elf/12.2.0/../../../../xtensa-esp32-elf/bin/]
  ignore line: [LIBRARY_PATH=/Users/krzysztof/.espressif/tools/xtensa-esp32-elf/esp-12.2.0_20230208/xtensa-esp32-elf/bin/../lib/gcc/xtensa-esp32-elf/12.2.0/:/Users/krzysztof/.espressif/tools/xtensa-esp32-elf/esp-12.2.0_20230208/xtensa-esp32-elf/bin/../lib/gcc/:/Users/krzysztof/.espressif/tools/xtensa-esp32-elf/esp-12.2.0_20230208/xtensa-esp32-elf/bin/../lib/gcc/xtensa-esp32-elf/12.2.0/../../../../xtensa-esp32-elf/lib/]
  ignore line: [COLLECT_GCC_OPTIONS='-mlongcalls' '-Wno-frame-address' '-v' '-o' 'cmTC_bf37c' '-dumpdir' 'cmTC_bf37c.']
  link line: [ /Users/krzysztof/.espressif/tools/xtensa-esp32-elf/esp-12.2.0_20230208/xtensa-esp32-elf/bin/../libexec/gcc/xtensa-esp32-elf/12.2.0/collect2 -plugin /Users/krzysztof/.espressif/tools/xtensa-esp32-elf/esp-12.2.0_20230208/xtensa-esp32-elf/bin/../libexec/gcc/xtensa-esp32-elf/12.2.0/liblto_plugin.so -plugin-opt=/Users/krzysztof/.espressif/tools/xtensa-esp32-elf/esp-12.2.0_20230208/xtensa-esp32-elf/bin/../libexec/gcc/xtensa-esp32-elf/12.2.0/lto-wrapper -plugin-opt=-fresolution=/var/folders/dm/001043k534bcc805s83rjrmc0000gn/T//ccfZxoUj.res -plugin-opt=-pass-through=-lgcc -plugin-opt=-pass-through=-lc -plugin-opt=-pass-through=-lnosys -plugin-opt=-pass-through=-lc -plugin-opt=-pass-through=-lgcc -o cmTC_bf37c /Users/krzysztof/.espressif/tools/xtensa-esp32-elf/esp-12.2.0_20230208/xtensa-esp32-elf/bin/../lib/gcc/xtensa-esp32-elf/12.2.0/../../../../xtensa-esp32-elf/lib/crt0.o /Users/krzysztof/.espressif/tools/xtensa-esp32-elf/esp-12.2.0_20230208/xtensa-esp32-elf/bin/../lib/gcc/xtensa-esp32-elf/12.2.0/crti.o /Users/krzysztof/.espressif/tools/xtensa-esp32-elf/esp-12.2.0_20230208/xtensa-esp32-elf/bin/../lib/gcc/xtensa-esp32-elf/12.2.0/crtbegin.o -L/Users/krzysztof/.espressif/tools/xtensa-esp32-elf/esp-12.2.0_20230208/xtensa-esp32-elf/bin/../lib/gcc/xtensa-esp32-elf/12.2.0 -L/Users/krzysztof/.espressif/tools/xtensa-esp32-elf/esp-12.2.0_20230208/xtensa-esp32-elf/bin/../lib/gcc -L/Users/krzysztof/.espressif/tools/xtensa-esp32-elf/esp-12.2.0_20230208/xtensa-esp32-elf/bin/../lib/gcc/xtensa-esp32-elf/12.2.0/../../../../xtensa-esp32-elf/lib CMakeFiles/cmTC_bf37c.dir/CMakeCCompilerABI.c.obj -lgcc -lc -lnosys -lc -lgcc /Users/krzysztof/.espressif/tools/xtensa-esp32-elf/esp-12.2.0_20230208/xtensa-esp32-elf/bin/../lib/gcc/xtensa-esp32-elf/12.2.0/crtend.o /Users/krzysztof/.espressif/tools/xtensa-esp32-elf/esp-12.2.0_20230208/xtensa-esp32-elf/bin/../lib/gcc/xtensa-esp32-elf/12.2.0/crtn.o]
    arg [/Users/krzysztof/.espressif/tools/xtensa-esp32-elf/esp-12.2.0_20230208/xtensa-esp32-elf/bin/../libexec/gcc/xtensa-esp32-elf/12.2.0/collect2] ==> ignore
    arg [-plugin] ==> ignore
    arg [/Users/krzysztof/.espressif/tools/xtensa-esp32-elf/esp-12.2.0_20230208/xtensa-esp32-elf/bin/../libexec/gcc/xtensa-esp32-elf/12.2.0/liblto_plugin.so] ==> ignore
    arg [-plugin-opt=/Users/krzysztof/.espressif/tools/xtensa-esp32-elf/esp-12.2.0_20230208/xtensa-esp32-elf/bin/../libexec/gcc/xtensa-esp32-elf/12.2.0/lto-wrapper] ==> ignore
    arg [-plugin-opt=-fresolution=/var/folders/dm/001043k534bcc805s83rjrmc0000gn/T//ccfZxoUj.res] ==> ignore
    arg [-plugin-opt=-pass-through=-lgcc] ==> ignore
    arg [-plugin-opt=-pass-through=-lc] ==> ignore
    arg [-plugin-opt=-pass-through=-lnosys] ==> ignore
    arg [-plugin-opt=-pass-through=-lc] ==> ignore
    arg [-plugin-opt=-pass-through=-lgcc] ==> ignore
    arg [-o] ==> ignore
    arg [cmTC_bf37c] ==> ignore
    arg [/Users/krzysztof/.espressif/tools/xtensa-esp32-elf/esp-12.2.0_20230208/xtensa-esp32-elf/bin/../lib/gcc/xtensa-esp32-elf/12.2.0/../../../../xtensa-esp32-elf/lib/crt0.o] ==> obj [/Users/krzysztof/.espressif/tools/xtensa-esp32-elf/esp-12.2.0_20230208/xtensa-esp32-elf/bin/../lib/gcc/xtensa-esp32-elf/12.2.0/../../../../xtensa-esp32-elf/lib/crt0.o]
    arg [/Users/krzysztof/.espressif/tools/xtensa-esp32-elf/esp-12.2.0_20230208/xtensa-esp32-elf/bin/../lib/gcc/xtensa-esp32-elf/12.2.0/crti.o] ==> obj [/Users/krzysztof/.espressif/tools/xtensa-esp32-elf/esp-12.2.0_20230208/xtensa-esp32-elf/bin/../lib/gcc/xtensa-esp32-elf/12.2.0/crti.o]
    arg [/Users/krzysztof/.espressif/tools/xtensa-esp32-elf/esp-12.2.0_20230208/xtensa-esp32-elf/bin/../lib/gcc/xtensa-esp32-elf/12.2.0/crtbegin.o] ==> obj [/Users/krzysztof/.espressif/tools/xtensa-esp32-elf/esp-12.2.0_20230208/xtensa-esp32-elf/bin/../lib/gcc/xtensa-esp32-elf/12.2.0/crtbegin.o]
    arg [-L/Users/krzysztof/.espressif/tools/xtensa-esp32-elf/esp-12.2.0_20230208/xtensa-esp32-elf/bin/../lib/gcc/xtensa-esp32-elf/12.2.0] ==> dir [/Users/krzysztof/.espressif/tools/xtensa-esp32-elf/esp-12.2.0_20230208/xtensa-esp32-elf/bin/../lib/gcc/xtensa-esp32-elf/12.2.0]
    arg [-L/Users/krzysztof/.espressif/tools/xtensa-esp32-elf/esp-12.2.0_20230208/xtensa-esp32-elf/bin/../lib/gcc] ==> dir [/Users/krzysztof/.espressif/tools/xtensa-esp32-elf/esp-12.2.0_20230208/xtensa-esp32-elf/bin/../lib/gcc]
    arg [-L/Users/krzysztof/.espressif/tools/xtensa-esp32-elf/esp-12.2.0_20230208/xtensa-esp32-elf/bin/../lib/gcc/xtensa-esp32-elf/12.2.0/../../../../xtensa-esp32-elf/lib] ==> dir [/Users/krzysztof/.espressif/tools/xtensa-esp32-elf/esp-12.2.0_20230208/xtensa-esp32-elf/bin/../lib/gcc/xtensa-esp32-elf/12.2.0/../../../../xtensa-esp32-elf/lib]
    arg [CMakeFiles/cmTC_bf37c.dir/CMakeCCompilerABI.c.obj] ==> ignore
    arg [-lgcc] ==> lib [gcc]
    arg [-lc] ==> lib [c]
    arg [-lnosys] ==> lib [nosys]
    arg [-lc] ==> lib [c]
    arg [-lgcc] ==> lib [gcc]
    arg [/Users/krzysztof/.espressif/tools/xtensa-esp32-elf/esp-12.2.0_20230208/xtensa-esp32-elf/bin/../lib/gcc/xtensa-esp32-elf/12.2.0/crtend.o] ==> obj [/Users/krzysztof/.espressif/tools/xtensa-esp32-elf/esp-12.2.0_20230208/xtensa-esp32-elf/bin/../lib/gcc/xtensa-esp32-elf/12.2.0/crtend.o]
    arg [/Users/krzysztof/.espressif/tools/xtensa-esp32-elf/esp-12.2.0_20230208/xtensa-esp32-elf/bin/../lib/gcc/xtensa-esp32-elf/12.2.0/crtn.o] ==> obj [/Users/krzysztof/.espressif/tools/xtensa-esp32-elf/esp-12.2.0_20230208/xtensa-esp32-elf/bin/../lib/gcc/xtensa-esp32-elf/12.2.0/crtn.o]
  collapse obj [/Users/krzysztof/.espressif/tools/xtensa-esp32-elf/esp-12.2.0_20230208/xtensa-esp32-elf/bin/../lib/gcc/xtensa-esp32-elf/12.2.0/../../../../xtensa-esp32-elf/lib/crt0.o] ==> [/Users/krzysztof/.espressif/tools/xtensa-esp32-elf/esp-12.2.0_20230208/xtensa-esp32-elf/xtensa-esp32-elf/lib/crt0.o]
  collapse obj [/Users/krzysztof/.espressif/tools/xtensa-esp32-elf/esp-12.2.0_20230208/xtensa-esp32-elf/bin/../lib/gcc/xtensa-esp32-elf/12.2.0/crti.o] ==> [/Users/krzysztof/.espressif/tools/xtensa-esp32-elf/esp-12.2.0_20230208/xtensa-esp32-elf/lib/gcc/xtensa-esp32-elf/12.2.0/crti.o]
  collapse obj [/Users/krzysztof/.espressif/tools/xtensa-esp32-elf/esp-12.2.0_20230208/xtensa-esp32-elf/bin/../lib/gcc/xtensa-esp32-elf/12.2.0/crtbegin.o] ==> [/Users/krzysztof/.espressif/tools/xtensa-esp32-elf/esp-12.2.0_20230208/xtensa-esp32-elf/lib/gcc/xtensa-esp32-elf/12.2.0/crtbegin.o]
  collapse obj [/Users/krzysztof/.espressif/tools/xtensa-esp32-elf/esp-12.2.0_20230208/xtensa-esp32-elf/bin/../lib/gcc/xtensa-esp32-elf/12.2.0/crtend.o] ==> [/Users/krzysztof/.espressif/tools/xtensa-esp32-elf/esp-12.2.0_20230208/xtensa-esp32-elf/lib/gcc/xtensa-esp32-elf/12.2.0/crtend.o]
  collapse obj [/Users/krzysztof/.espressif/tools/xtensa-esp32-elf/esp-12.2.0_20230208/xtensa-esp32-elf/bin/../lib/gcc/xtensa-esp32-elf/12.2.0/crtn.o] ==> [/Users/krzysztof/.espressif/tools/xtensa-esp32-elf/esp-12.2.0_20230208/xtensa-esp32-elf/lib/gcc/xtensa-esp32-elf/12.2.0/crtn.o]
  collapse library dir [/Users/krzysztof/.espressif/tools/xtensa-esp32-elf/esp-12.2.0_20230208/xtensa-esp32-elf/bin/../lib/gcc/xtensa-esp32-elf/12.2.0] ==> [/Users/krzysztof/.espressif/tools/xtensa-esp32-elf/esp-12.2.0_20230208/xtensa-esp32-elf/lib/gcc/xtensa-esp32-elf/12.2.0]
  collapse library dir [/Users/krzysztof/.espressif/tools/xtensa-esp32-elf/esp-12.2.0_20230208/xtensa-esp32-elf/bin/../lib/gcc] ==> [/Users/krzysztof/.espressif/tools/xtensa-esp32-elf/esp-12.2.0_20230208/xtensa-esp32-elf/lib/gcc]
  collapse library dir [/Users/krzysztof/.espressif/tools/xtensa-esp32-elf/esp-12.2.0_20230208/xtensa-esp32-elf/bin/../lib/gcc/xtensa-esp32-elf/12.2.0/../../../../xtensa-esp32-elf/lib] ==> [/Users/krzysztof/.espressif/tools/xtensa-esp32-elf/esp-12.2.0_20230208/xtensa-esp32-elf/xtensa-esp32-elf/lib]
  implicit libs: [gcc;c;nosys;c;gcc]
  implicit objs: [/Users/krzysztof/.espressif/tools/xtensa-esp32-elf/esp-12.2.0_20230208/xtensa-esp32-elf/xtensa-esp32-elf/lib/crt0.o;/Users/krzysztof/.espressif/tools/xtensa-esp32-elf/esp-12.2.0_20230208/xtensa-esp32-elf/lib/gcc/xtensa-esp32-elf/12.2.0/crti.o;/Users/krzysztof/.espressif/tools/xtensa-esp32-elf/esp-12.2.0_20230208/xtensa-esp32-elf/lib/gcc/xtensa-esp32-elf/12.2.0/crtbegin.o;/Users/krzysztof/.espressif/tools/xtensa-esp32-elf/esp-12.2.0_20230208/xtensa-esp32-elf/lib/gcc/xtensa-esp32-elf/12.2.0/crtend.o;/Users/krzysztof/.espressif/tools/xtensa-esp32-elf/esp-12.2.0_20230208/xtensa-esp32-elf/lib/gcc/xtensa-esp32-elf/12.2.0/crtn.o]
  implicit dirs: [/Users/krzysztof/.espressif/tools/xtensa-esp32-elf/esp-12.2.0_20230208/xtensa-esp32-elf/lib/gcc/xtensa-esp32-elf/12.2.0;/Users/krzysztof/.espressif/tools/xtensa-esp32-elf/esp-12.2.0_20230208/xtensa-esp32-elf/lib/gcc;/Users/krzysztof/.espressif/tools/xtensa-esp32-elf/esp-12.2.0_20230208/xtensa-esp32-elf/xtensa-esp32-elf/lib]
  implicit fwks: []


Detecting CXX compiler ABI info compiled with the following output:
Change Dir: /Users/krzysztof/VSCode/SpoolSense/build/CMakeFiles/CMakeTmp

Run Build Command(s):/opt/local/bin/ninja cmTC_1f087 && [1/2] Building CXX object CMakeFiles/cmTC_1f087.dir/CMakeCXXCompilerABI.cpp.obj
Using built-in specs.
COLLECT_GCC=/Users/krzysztof/.espressif/tools/xtensa-esp32-elf/esp-12.2.0_20230208/xtensa-esp32-elf/bin/xtensa-esp32-elf-g++
Target: xtensa-esp32-elf
Configured with: /Users/brnomac003/.gitlab-runner/builds/qR2TxTby/0/idf/crosstool-NG/.build/xtensa-esp32-elf/src/gcc/configure --build=aarch64-build_apple-darwin21.4.0 --host=aarch64-build_apple-darwin21.4.0 --target=xtensa-esp32-elf --prefix=/Users/brnomac003/.gitlab-runner/builds/qR2TxTby/0/idf/crosstool-NG/builds/xtensa-esp32-elf --exec_prefix=/Users/brnomac003/.gitlab-runner/builds/qR2TxTby/0/idf/crosstool-NG/builds/xtensa-esp32-elf --with-local-prefix=/Users/brnomac003/.gitlab-runner/builds/qR2TxTby/0/idf/crosstool-NG/builds/xtensa-esp32-elf/xtensa-esp32-elf --with-headers=/Users/brnomac003/.gitlab-runner/builds/qR2TxTby/0/idf/crosstool-NG/builds/xtensa-esp32-elf/xtensa-esp32-elf/include --with-newlib --enable-threads=no --disable-shared --with-pkgversion='crosstool-NG esp-12.2.0_20230208' --disable-__cxa_atexit --enable-cxx-flags=-ffunction-sections --disable-libgomp --disable-libmudflap --disable-libmpx --disable-libssp --disable-libquadmath --disable-libquadmath-support --disable-libstdcxx-verbose --with-gmp=/Users/brnomac003/.gitlab-runner/builds/qR2TxTby/0/idf/crosstool-NG/.build/xtensa-esp32-elf/buildtools --with-mpfr=/Users/brnomac003/.gitlab-runner/builds/qR2TxTby/0/idf/crosstool-NG/.build/xtensa-esp32-elf/buildtools --with-mpc=/Users/brnomac003/.gitlab-runner/builds/qR2TxTby/0/idf/crosstool-NG/.build/xtensa-esp32-elf/buildtools --with-isl=/Users/brnomac003/.gitlab-runner/builds/qR2TxTby/0/idf/crosstool-NG/.build/xtensa-esp32-elf/buildtools --enable-lto --enable-target-optspace --without-long-double-128 --disable-nls --enable-multiarch --enable-languages=c,c++ --disable-libstdcxx-verbose --enable-threads=posix --enable-gcov-custom-rtio --enable-libstdcxx-time=yes
Thread model: posix
Supported LTO compression algorithms: zlib
gcc version 12.2.0 (crosstool-NG esp-12.2.0_20230208) 
COLLECT_GCC_OPTIONS='-mlongcalls' '-Wno-frame-address' '-v' '-o' 'CMakeFiles/cmTC_1f087.dir/CMakeCXXCompilerABI.cpp.obj' '-c' '-dumpdir' 'CMakeFiles/cmTC_1f087.dir/'
 /Users/krzysztof/.espressif/tools/xtensa-esp32-elf/esp-12.2.0_20230208/xtensa-esp32-elf/bin/../libexec/gcc/xtensa-esp32-elf/12.2.0/cc1plus -quiet -v -iprefix /Users/krzysztof/.espressif/tools/xtensa-esp32-elf/esp-12.2.0_20230208/xtensa-esp32-elf/bin/../lib/gcc/xtensa-esp32-elf/12.2.0/ /opt/local/share/cmake-3.24/Modules/CMakeCXXCompilerABI.cpp -quiet -dumpdir CMakeFiles/cmTC_1f087.dir/ -dumpbase CMakeCXXCompilerABI.cpp.cpp -dumpbase-ext .cpp -mlongcalls -Wno-frame-address -version -o /var/folders/dm/001043k534bcc805s83rjrmc0000gn/T//ccSJ3jdK.s
GNU C++17 (crosstool-NG esp-12.2.0_20230208) version 12.2.0 (xtensa-esp32-elf)
	compiled by GNU C version Apple LLVM 13.0.0 (clang-1300.0.27.3), GMP version 6.2.1, MPFR version 4.1.0, MPC version 1.2.1, isl version isl-0.24-GMP

GGC heuristics: --param ggc-min-expand=100 --param ggc-min-heapsize=131072
ignoring duplicate directory "/Users/krzysztof/.espressif/tools/xtensa-esp32-elf/esp-12.2.0_20230208/xtensa-esp32-elf/bin/../lib/gcc/../../lib/gcc/xtensa-esp32-elf/12.2.0/../../../../xtensa-esp32-elf/include/c++/12.2.0"
ignoring duplicate directory "/Users/krzysztof/.espressif/tools/xtensa-esp32-elf/esp-12.2.0_20230208/xtensa-esp32-elf/bin/../lib/gcc/../../lib/gcc/xtensa-esp32-elf/12.2.0/../../../../xtensa-esp32-elf/include/c++/12.2.0/xtensa-esp32-elf"
ignoring duplicate directory "/Users/krzysztof/.espressif/tools/xtensa-esp32-elf/esp-12.2.0_20230208/xtensa-esp32-elf/bin/../lib/gcc/../../lib/gcc/xtensa-esp32-elf/12.2.0/../../../../xtensa-esp32-elf/include/c++/12.2.0/backward"
ignoring duplicate directory "/Users/krzysztof/.espressif/tools/xtensa-esp32-elf/esp-12.2.0_20230208/xtensa-esp32-elf/bin/../lib/gcc/../../lib/gcc/xtensa-esp32-elf/12.2.0/include"
ignoring duplicate directory "/Users/krzysztof/.espressif/tools/xtensa-esp32-elf/esp-12.2.0_20230208/xtensa-esp32-elf/bin/../lib/gcc/../../lib/gcc/xtensa-esp32-elf/12.2.0/include-fixed"
ignoring duplicate directory "/Users/krzysztof/.espressif/tools/xtensa-esp32-elf/esp-12.2.0_20230208/xtensa-esp32-elf/bin/../lib/gcc/../../lib/gcc/xtensa-esp32-elf/12.2.0/../../../../xtensa-esp32-elf/sys-include"
ignoring duplicate directory "/Users/krzysztof/.espressif/tools/xtensa-esp32-elf/esp-12.2.0_20230208/xtensa-esp32-elf/bin/../lib/gcc/../../lib/gcc/xtensa-esp32-elf/12.2.0/../../../../xtensa-esp32-elf/include"
#include "..." search starts here:
#include <...> search starts here:
 /Users/krzysztof/.espressif/tools/xtensa-esp32-elf/esp-12.2.0_20230208/xtensa-esp32-elf/bin/../lib/gcc/xtensa-esp32-elf/12.2.0/../../../../xtensa-esp32-elf/include/c++/12.2.0
 /Users/krzysztof/.espressif/tools/xtensa-esp32-elf/esp-12.2.0_20230208/xtensa-esp32-elf/bin/../lib/gcc/xtensa-esp32-elf/12.2.0/../../../../xtensa-esp32-elf/include/c++/12.2.0/xtensa-esp32-elf
 /Users/krzysztof/.espressif/tools/xtensa-esp32-elf/esp-12.2.0_20230208/xtensa-esp32-elf/bin/../lib/gcc/xtensa-esp32-elf/12.2.0/../../../../xtensa-esp32-elf/include/c++/12.2.0/backward
 /Users/krzysztof/.espressif/tools/xtensa-esp32-elf/esp-12.2.0_20230208/xtensa-esp32-elf/bin/../lib/gcc/xtensa-esp32-elf/12.2.0/include
 /Users/krzysztof/.espressif/tools/xtensa-esp32-elf/esp-12.2.0_20230208/xtensa-esp32-elf/bin/../lib/gcc/xtensa-esp32-elf/12.2.0/include-fixed
 /Users/krzysztof/.espressif/tools/xtensa-esp32-elf/esp-12.2.0_20230208/xtensa-esp32-elf/bin/../lib/gcc/xtensa-esp32-elf/12.2.0/../../../../xtensa-esp32-elf/sys-include
 /Users/krzysztof/.espressif/tools/xtensa-esp32-elf/esp-12.2.0_20230208/xtensa-esp32-elf/bin/../lib/gcc/xtensa-esp32-elf/12.2.0/../../../../xtensa-esp32-elf/include
End of search list.
GNU C++17 (crosstool-NG esp-12.2.0_20230208) version 12.2.0 (xtensa-esp32-elf)
	compiled by GNU C version Apple LLVM 13.0.0 (clang-1300.0.27.3), GMP version 6.2.1, MPFR version 4.1.0, MPC version 1.2.1, isl version isl-0.24-GMP

GGC heuristics: --param ggc-min-expand=100 --param ggc-min-heapsize=131072
Compiler executable checksum: 001a1709fcfdfaf0aca5244a702b9403
COLLECT_GCC_OPTIONS='-mlongcalls' '-Wno-frame-address' '-v' '-o' 'CMakeFiles/cmTC_1f087.dir/CMakeCXXCompilerABI.cpp.obj' '-c' '-dumpdir' 'CMakeFiles/cmTC_1f087.dir/'
 /Users/krzysztof/.espressif/tools/xtensa-esp32-elf/esp-12.2.0_20230208/xtensa-esp32-elf/bin/../lib/gcc/xtensa-esp32-elf/12.2.0/../../../../xtensa-esp32-elf/bin/as --traditional-format --longcalls -o CMakeFiles/cmTC_1f087.dir/CMakeCXXCompilerABI.cpp.obj /var/folders/dm/001043k534bcc805s83rjrmc0000gn/T//ccSJ3jdK.s
COMPILER_PATH=/Users/krzysztof/.espressif/tools/xtensa-esp32-elf/esp-12.2.0_20230208/xtensa-esp32-elf/bin/../libexec/gcc/xtensa-esp32-elf/12.2.0/:/Users/krzysztof/.espressif/tools/xtensa-esp32-elf/esp-12.2.0_20230208/xtensa-esp32-elf/bin/../libexec/gcc/:/Users/krzysztof/.espressif/tools/xtensa-esp32-elf/esp-12.2.0_20230208/xtensa-esp32-elf/bin/../lib/gcc/xtensa-esp32-elf/12.2.0/../../../../xtensa-esp32-elf/bin/
LIBRARY_PATH=/Users/krzysztof/.espressif/tools/xtensa-esp32-elf/esp-12.2.0_20230208/xtensa-esp32-elf/bin/../lib/gcc/xtensa-esp32-elf/12.2.0/:/Users/krzysztof/.espressif/tools/xtensa-esp32-elf/esp-12.2.0_20230208/xtensa-esp32-elf/bin/../lib/gcc/:/Users/krzysztof/.espressif/tools/xtensa-esp32-elf/esp-12.2.0_20230208/xtensa-esp32-elf/bin/../lib/gcc/xtensa-esp32-elf/12.2.0/../../../../xtensa-esp32-elf/lib/
COLLECT_GCC_OPTIONS='-mlongcalls' '-Wno-frame-address' '-v' '-o' 'CMakeFiles/cmTC_1f087.dir/CMakeCXXCompilerABI.cpp.obj' '-c' '-dumpdir' 'CMakeFiles/cmTC_1f087.dir/CMakeCXXCompilerABI.cpp.'
[2/2] Linking CXX executable cmTC_1f087
Using built-in specs.
COLLECT_GCC=/Users/krzysztof/.espressif/tools/xtensa-esp32-elf/esp-12.2.0_20230208/xtensa-esp32-elf/bin/xtensa-esp32-elf-g++
COLLECT_LTO_WRAPPER=/Users/krzysztof/.espressif/tools/xtensa-esp32-elf/esp-12.2.0_20230208/xtensa-esp32-elf/bin/../libexec/gcc/xtensa-esp32-elf/12.2.0/lto-wrapper
Target: xtensa-esp32-elf
Configured with: /Users/brnomac003/.gitlab-runner/builds/qR2TxTby/0/idf/crosstool-NG/.build/xtensa-esp32-elf/src/gcc/configure --build=aarch64-build_apple-darwin21.4.0 --host=aarch64-build_apple-darwin21.4.0 --target=xtensa-esp32-elf --prefix=/Users/brnomac003/.gitlab-runner/builds/qR2TxTby/0/idf/crosstool-NG/builds/xtensa-esp32-elf --exec_prefix=/Users/brnomac003/.gitlab-runner/builds/qR2TxTby/0/idf/crosstool-NG/builds/xtensa-esp32-elf --with-local-prefix=/Users/brnomac003/.gitlab-runner/builds/qR2TxTby/0/idf/crosstool-NG/builds/xtensa-esp32-elf/xtensa-esp32-elf --with-headers=/Users/brnomac003/.gitlab-runner/builds/qR2TxTby/0/idf/crosstool-NG/builds/xtensa-esp32-elf/xtensa-esp32-elf/include --with-newlib --enable-threads=no --disable-shared --with-pkgversion='crosstool-NG esp-12.2.0_20230208' --disable-__cxa_atexit --enable-cxx-flags=-ffunction-sections --disable-libgomp --disable-libmudflap --disable-libmpx --disable-libssp --disable-libquadmath --disable-libquadmath-support --disable-libstdcxx-verbose --with-gmp=/Users/brnomac003/.gitlab-runner/builds/qR2TxTby/0/idf/crosstool-NG/.build/xtensa-esp32-elf/buildtools --with-mpfr=/Users/brnomac003/.gitlab-runner/builds/qR2TxTby/0/idf/crosstool-NG/.build/xtensa-esp32-elf/buildtools --with-mpc=/Users/brnomac003/.gitlab-runner/builds/qR2TxTby/0/idf/crosstool-NG/.build/xtensa-esp32-elf/buildtools --with-isl=/Users/brnomac003/.gitlab-runner/builds/qR2TxTby/0/idf/crosstool-NG/.build/xtensa-esp32-elf/buildtools --enable-lto --enable-target-optspace --without-long-double-128 --disable-nls --enable-multiarch --enable-languages=c,c++ --disable-libstdcxx-verbose --enable-threads=posix --enable-gcov-custom-rtio --enable-libstdcxx-time=yes
Thread model: posix
Supported LTO compression algorithms: zlib
gcc version 12.2.0 (crosstool-NG esp-12.2.0_20230208) 
COMPILER_PATH=/Users/krzysztof/.espressif/tools/xtensa-esp32-elf/esp-12.2.0_20230208/xtensa-esp32-elf/bin/../libexec/gcc/xtensa-esp32-elf/12.2.0/:/Users/krzysztof/.espressif/tools/xtensa-esp32-elf/esp-12.2.0_20230208/xtensa-esp32-elf/bin/../libexec/gcc/:/Users/krzysztof/.espressif/tools/xtensa-esp32-elf/esp-12.2.0_20230208/xtensa-esp32-elf/bin/../lib/gcc/xtensa-esp32-elf/12.2.0/../../../../xtensa-esp32-elf/bin/
LIBRARY_PATH=/Users/krzysztof/.espressif/tools/xtensa-esp32-elf/esp-12.2.0_20230208/xtensa-esp32-elf/bin/../lib/gcc/xtensa-esp32-elf/12.2.0/:/Users/krzysztof/.espressif/tools/xtensa-esp32-elf/esp-12.2.0_20230208/xtensa-esp32-elf/bin/../lib/gcc/:/Users/krzysztof/.espressif/tools/xtensa-esp32-elf/esp-12.2.0_20230208/xtensa-esp32-elf/bin/../lib/gcc/xtensa-esp32-elf/12.2.0/../../../../xtensa-esp32-elf/lib/
COLLECT_GCC_OPTIONS='-mlongcalls' '-Wno-frame-address' '-v' '-o' 'cmTC_1f087' '-dumpdir' 'cmTC_1f087.'
 /Users/krzysztof/.espressif/tools/xtensa-esp32-elf/esp-12.2.0_20230208/xtensa-esp32-elf/bin/../libexec/gcc/xtensa-esp32-elf/12.2.0/collect2 -plugin /Users/krzysztof/.espressif/tools/xtensa-esp32-elf/esp-12.2.0_20230208/xtensa-esp32-elf/bin/../libexec/gcc/xtensa-esp32-elf/12.2.0/liblto_plugin.so -plugin-opt=/Users/krzysztof/.espressif/tools/xtensa-esp32-elf/esp-12.2.0_20230208/xtensa-esp32-elf/bin/../libexec/gcc/xtensa-esp32-elf/12.2.0/lto-wrapper -plugin-opt=-fresolution=/var/folders/dm/001043k534bcc805s83rjrmc0000gn/T//ccZdOGXx.res -plugin-opt=-pass-through=-lgcc -plugin-opt=-pass-through=-lc -plugin-opt=-pass-through=-lnosys -plugin-opt=-pass-through=-lc -plugin-opt=-pass-through=-lgcc -o cmTC_1f087 /Users/krzysztof/.espressif/tools/xtensa-esp32-elf/esp-12.2.0_20230208/xtensa-esp32-elf/bin/../lib/gcc/xtensa-esp32-elf/12.2.0/../../../../xtensa-esp32-elf/lib/crt0.o /Users/krzysztof/.espressif/tools/xtensa-esp32-elf/esp-12.2.0_20230208/xtensa-esp32-elf/bin/../lib/gcc/xtensa-esp32-elf/12.2.0/crti.o /Users/krzysztof/.espressif/tools/xtensa-esp32-elf/esp-12.2.0_20230208/xtensa-esp32-elf/bin/../lib/gcc/xtensa-esp32-elf/12.2.0/crtbegin.o -L/Users/krzysztof/.espressif/tools/xtensa-esp32-elf/esp-12.2.0_20230208/xtensa-esp32-elf/bin/../lib/gcc/xtensa-esp32-elf/12.2.0 -L/Users/krzysztof/.espressif/tools/xtensa-esp32-elf/esp-12.2.0_20230208/xtensa-esp32-elf/bin/../lib/gcc -L/Users/krzysztof/.espressif/tools/xtensa-esp32-elf/esp-12.2.0_20230208/xtensa-esp32-elf/bin/../lib/gcc/xtensa-esp32-elf/12.2.0/../../../../xtensa-esp32-elf/lib CMakeFiles/cmTC_1f087.dir/CMakeCXXCompilerABI.cpp.obj -lstdc++ -lm -lgcc -lc -lnosys -lc -lgcc /Users/krzysztof/.espressif/tools/xtensa-esp32-elf/esp-12.2.0_20230208/xtensa-esp32-elf/bin/../lib/gcc/xtensa-esp32-elf/12.2.0/crtend.o /Users/krzysztof/.espressif/tools/xtensa-esp32-elf/esp-12.2.0_20230208/xtensa-esp32-elf/bin/../lib/gcc/xtensa-esp32-elf/12.2.0/crtn.o
COLLECT_GCC_OPTIONS='-mlongcalls' '-Wno-frame-address' '-v' '-o' 'cmTC_1f087' '-dumpdir' 'cmTC_1f087.'



Parsed CXX implicit include dir info from above output: rv=done
  found start of include info
  found start of implicit include info
    add: [/Users/krzysztof/.espressif/tools/xtensa-esp32-elf/esp-12.2.0_20230208/xtensa-esp32-elf/bin/../lib/gcc/xtensa-esp32-elf/12.2.0/../../../../xtensa-esp32-elf/include/c++/12.2.0]
    add: [/Users/krzysztof/.espressif/tools/xtensa-esp32-elf/esp-12.2.0_20230208/xtensa-esp32-elf/bin/../lib/gcc/xtensa-esp32-elf/12.2.0/../../../../xtensa-esp32-elf/include/c++/12.2.0/xtensa-esp32-elf]
    add: [/Users/krzysztof/.espressif/tools/xtensa-esp32-elf/esp-12.2.0_20230208/xtensa-esp32-elf/bin/../lib/gcc/xtensa-esp32-elf/12.2.0/../../../../xtensa-esp32-elf/include/c++/12.2.0/backward]
    add: [/Users/krzysztof/.espressif/tools/xtensa-esp32-elf/esp-12.2.0_20230208/xtensa-esp32-elf/bin/../lib/gcc/xtensa-esp32-elf/12.2.0/include]
    add: [/Users/krzysztof/.espressif/tools/xtensa-esp32-elf/esp-12.2.0_20230208/xtensa-esp32-elf/bin/../lib/gcc/xtensa-esp32-elf/12.2.0/include-fixed]
    add: [/Users/krzysztof/.espressif/tools/xtensa-esp32-elf/esp-12.2.0_20230208/xtensa-esp32-elf/bin/../lib/gcc/xtensa-esp32-elf/12.2.0/../../../../xtensa-esp32-elf/sys-include]
    add: [/Users/krzysztof/.espressif/tools/xtensa-esp32-elf/esp-12.2.0_20230208/xtensa-esp32-elf/bin/../lib/gcc/xtensa-esp32-elf/12.2.0/../../../../xtensa-esp32-elf/include]
  end of search list found
  collapse include dir [/Users/krzysztof/.espressif/tools/xtensa-esp32-elf/esp-12.2.0_20230208/xtensa-esp32-elf/bin/../lib/gcc/xtensa-esp32-elf/12.2.0/../../../../xtensa-esp32-elf/include/c++/12.2.0] ==> [/Users/krzysztof/.espressif/tools/xtensa-esp32-elf/esp-12.2.0_20230208/xtensa-esp32-elf/xtensa-esp32-elf/include/c++/12.2.0]
  collapse include dir [/Users/krzysztof/.espressif/tools/xtensa-esp32-elf/esp-12.2.0_20230208/xtensa-esp32-elf/bin/../lib/gcc/xtensa-esp32-elf/12.2.0/../../../../xtensa-esp32-elf/include/c++/12.2.0/xtensa-esp32-elf] ==> [/Users/krzysztof/.espressif/tools/xtensa-esp32-elf/esp-12.2.0_20230208/xtensa-esp32-elf/xtensa-esp32-elf/include/c++/12.2.0/xtensa-esp32-elf]
  collapse include dir [/Users/krzysztof/.espressif/tools/xtensa-esp32-elf/esp-12.2.0_20230208/xtensa-esp32-elf/bin/../lib/gcc/xtensa-esp32-elf/12.2.0/../../../../xtensa-esp32-elf/include/c++/12.2.0/backward] ==> [/Users/krzysztof/.espressif/tools/xtensa-esp32-elf/esp-12.2.0_20230208/xtensa-esp32-elf/xtensa-esp32-elf/include/c++/12.2.0/backward]
  collapse include dir [/Users/krzysztof/.espressif/tools/xtensa-esp32-elf/esp-12.2.0_20230208/xtensa-esp32-elf/bin/../lib/gcc/xtensa-esp32-elf/12.2.0/include] ==> [/Users/krzysztof/.espressif/tools/xtensa-esp32-elf/esp-12.2.0_20230208/xtensa-esp32-elf/lib/gcc/xtensa-esp32-elf/12.2.0/include]
  collapse include dir [/Users/krzysztof/.espressif/tools/xtensa-esp32-elf/esp-12.2.0_20230208/xtensa-esp32-elf/bin/../lib/gcc/xtensa-esp32-elf/12.2.0/include-fixed] ==> [/Users/krzysztof/.espressif/tools/xtensa-esp32-elf/esp-12.2.0_20230208/xtensa-esp32-elf/lib/gcc/xtensa-esp32-elf/12.2.0/include-fixed]
  collapse include dir [/Users/krzysztof/.espressif/tools/xtensa-esp32-elf/esp-12.2.0_20230208/xtensa-esp32-elf/bin/../lib/gcc/xtensa-esp32-elf/12.2.0/../../../../xtensa-esp32-elf/sys-include] ==> [/Users/krzysztof/.espressif/tools/xtensa-esp32-elf/esp-12.2.0_20230208/xtensa-esp32-elf/xtensa-esp32-elf/sys-include]
  collapse include dir [/Users/krzysztof/.espressif/tools/xtensa-esp32-elf/esp-12.2.0_20230208/xtensa-esp32-elf/bin/../lib/gcc/xtensa-esp32-elf/12.2.0/../../../../xtensa-esp32-elf/include] ==> [/Users/krzysztof/.espressif/tools/xtensa-esp32-elf/esp-12.2.0_20230208/xtensa-esp32-elf/xtensa-esp32-elf/include]
  implicit include dirs: [/Users/krzysztof/.espressif/tools/xtensa-esp32-elf/esp-12.2.0_20230208/xtensa-esp32-elf/xtensa-esp32-elf/include/c++/12.2.0;/Users/krzysztof/.espressif/tools/xtensa-esp32-elf/esp-12.2.0_20230208/xtensa-esp32-elf/xtensa-esp32-elf/include/c++/12.2.0/xtensa-esp32-elf;/Users/krzysztof/.espressif/tools/xtensa-esp32-elf/esp-12.2.0_20230208/xtensa-esp32-elf/xtensa-esp32-elf/include/c++/12.2.0/backward;/Users/krzysztof/.espressif/tools/xtensa-esp32-elf/esp-12.2.0_20230208/xtensa-esp32-elf/lib/gcc/xtensa-esp32-elf/12.2.0/include;/Users/krzysztof/.espressif/tools/xtensa-esp32-elf/esp-12.2.0_20230208/xtensa-esp32-elf/lib/gcc/xtensa-esp32-elf/12.2.0/include-fixed;/Users/krzysztof/.espressif/tools/xtensa-esp32-elf/esp-12.2.0_20230208/xtensa-esp32-elf/xtensa-esp32-elf/sys-include;/Users/krzysztof/.espressif/tools/xtensa-esp32-elf/esp-12.2.0_20230208/xtensa-esp32-elf/xtensa-esp32-elf/include]


Parsed CXX implicit link information from above output:
  link line regex: [^( *|.*[/\])(xtensa-esp32-elf-ld|CMAKE_LINK_STARTFILE-NOTFOUND|([^/\]+-)?ld|collect2)[^/\]*( |$)]
  ignore line: [Change Dir: /Users/krzysztof/VSCode/SpoolSense/build/CMakeFiles/CMakeTmp]
  ignore line: []
  ignore line: [Run Build Command(s):/opt/local/bin/ninja cmTC_1f087 && [1/2] Building CXX object CMakeFiles/cmTC_1f087.dir/CMakeCXXCompilerABI.cpp.obj]
  ignore line: [Using built-in specs.]
  ignore line: [COLLECT_GCC=/Users/krzysztof/.espressif/tools/xtensa-esp32-elf/esp-12.2.0_20230208/xtensa-esp32-elf/bin/xtensa-esp32-elf-g++]
  ignore line: [Target: xtensa-esp32-elf]
  ignore line: [Configured with: /Users/brnomac003/.gitlab-runner/builds/qR2TxTby/0/idf/crosstool-NG/.build/xtensa-esp32-elf/src/gcc/configure --build=aarch64-build_apple-darwin21.4.0 --host=aarch64-build_apple-darwin21.4.0 --target=xtensa-esp32-elf --prefix=/Users/brnomac003/.gitlab-runner/builds/qR2TxTby/0/idf/crosstool-NG/builds/xtensa-esp32-elf --exec_prefix=/Users/brnomac003/.gitlab-runner/builds/qR2TxTby/0/idf/crosstool-NG/builds/xtensa-esp32-elf --with-local-prefix=/Users/brnomac003/.gitlab-runner/builds/qR2TxTby/0/idf/crosstool-NG/builds/xtensa-esp32-elf/xtensa-esp32-elf --with-headers=/Users/brnomac003/.gitlab-runner/builds/qR2TxTby/0/idf/crosstool-NG/builds/xtensa-esp32-elf/xtensa-esp32-elf/include --with-newlib --enable-threads=no --disable-shared --with-pkgversion='crosstool-NG esp-12.2.0_20230208' --disable-__cxa_atexit --enable-cxx-flags=-ffunction-sections --disable-libgomp --disable-libmudflap --disable-libmpx --disable-libssp --disable-libquadmath --disable-libquadmath-support --disable-libstdcxx-verbose --with-gmp=/Users/brnomac003/.gitlab-runner/builds/qR2TxTby/0/idf/crosstool-NG/.build/xtensa-esp32-elf/buildtools --with-mpfr=/Users/brnomac003/.gitlab-runner/builds/qR2TxTby/0/idf/crosstool-NG/.build/xtensa-esp32-elf/buildtools --with-mpc=/Users/brnomac003/.gitlab-runner/builds/qR2TxTby/0/idf/crosstool-NG/.build/xtensa-esp32-elf/buildtools --with-isl=/Users/brnomac003/.gitlab-runner/builds/qR2TxTby/0/idf/crosstool-NG/.build/xtensa-esp32-elf/buildtools --enable-lto --enable-target-optspace --without-long-double-128 --disable-nls --enable-multiarch --enable-languages=c c++ --disable-libstdcxx-verbose --enable-threads=posix --enable-gcov-custom-rtio --enable-libstdcxx-time=yes]
  ignore line: [Thread model: posix]
  ignore line: [Supported LTO compression algorithms: zlib]
  ignore line: [gcc version 12.2.0 (crosstool-NG esp-12.2.0_20230208) ]
  ignore line: [COLLECT_GCC_OPTIONS='-mlongcalls' '-Wno-frame-address' '-v' '-o' 'CMakeFiles/cmTC_1f087.dir/CMakeCXXCompilerABI.cpp.obj' '-c' '-dumpdir' 'CMakeFiles/cmTC_1f087.dir/']
  ignore line: [ /Users/krzysztof/.espressif/tools/xtensa-esp32-elf/esp-12.2.0_20230208/xtensa-esp32-elf/bin/../libexec/gcc/xtensa-esp32-elf/12.2.0/cc1plus -quiet -v -iprefix /Users/krzysztof/.espressif/tools/xtensa-esp32-elf/esp-12.2.0_20230208/xtensa-esp32-elf/bin/../lib/gcc/xtensa-esp32-elf/12.2.0/ /opt/local/share/cmake-3.24/Modules/CMakeCXXCompilerABI.cpp -quiet -dumpdir CMakeFiles/cmTC_1f087.dir/ -dumpbase CMakeCXXCompilerABI.cpp.cpp -dumpbase-ext .cpp -mlongcalls -Wno-frame-address -version -o /var/folders/dm/001043k534bcc805s83rjrmc0000gn/T//ccSJ3jdK.s]
  ignore line: [GNU C++17 (crosstool-NG esp-12.2.0_20230208) version 12.2.0 (xtensa-esp32-elf)]
  ignore line: [	compiled by GNU C version Apple LLVM 13.0.0 (clang-1300.0.27.3)  GMP version 6.2.1  MPFR version 4.1.0  MPC version 1.2.1  isl version isl-0.24-GMP]
  ignore line: []
  ignore line: [GGC heuristics: --param ggc-min-expand=100 --param ggc-min-heapsize=131072]
  ignore line: [ignoring duplicate directory "/Users/krzysztof/.espressif/tools/xtensa-esp32-elf/esp-12.2.0_20230208/xtensa-esp32-elf/bin/../lib/gcc/../../lib/gcc/xtensa-esp32-elf/12.2.0/../../../../xtensa-esp32-elf/include/c++/12.2.0"]
  ignore line: [ignoring duplicate directory "/Users/krzysztof/.espressif/tools/xtensa-esp32-elf/esp-12.2.0_20230208/xtensa-esp32-elf/bin/../lib/gcc/../../lib/gcc/xtensa-esp32-elf/12.2.0/../../../../xtensa-esp32-elf/include/c++/12.2.0/xtensa-esp32-elf"]
  ignore line: [ignoring duplicate directory "/Users/krzysztof/.espressif/tools/xtensa-esp32-elf/esp-12.2.0_20230208/xtensa-esp32-elf/bin/../lib/gcc/../../lib/gcc/xtensa-esp32-elf/12.2.0/../../../../xtensa-esp32-elf/include/c++/12.2.0/backward"]
  ignore line: [ignoring duplicate directory "/Users/krzysztof/.espressif/tools/xtensa-esp32-elf/esp-12.2.0_20230208/xtensa-esp32-elf/bin/../lib/gcc/../../lib/gcc/xtensa-esp32-elf/12.2.0/include"]
  ignore line: [ignoring duplicate directory "/Users/krzysztof/.espressif/tools/xtensa-esp32-elf/esp-12.2.0_20230208/xtensa-esp32-elf/bin/../lib/gcc/../../lib/gcc/xtensa-esp32-elf/12.2.0/include-fixed"]
  ignore line: [ignoring duplicate directory "/Users/krzysztof/.espressif/tools/xtensa-esp32-elf/esp-12.2.0_20230208/xtensa-esp32-elf/bin/../lib/gcc/../../lib/gcc/xtensa-esp32-elf/12.2.0/../../../../xtensa-esp32-elf/sys-include"]
  ignore line: [ignoring duplicate directory "/Users/krzysztof/.espressif/tools/xtensa-esp32-elf/esp-12.2.0_20230208/xtensa-esp32-elf/bin/../lib/gcc/../../lib/gcc/xtensa-esp32-elf/12.2.0/../../../../xtensa-esp32-elf/include"]
  ignore line: [#include "..." search starts here:]
  ignore line: [#include <...> search starts here:]
  ignore line: [ /Users/krzysztof/.espressif/tools/xtensa-esp32-elf/esp-12.2.0_20230208/xtensa-esp32-elf/bin/../lib/gcc/xtensa-esp32-elf/12.2.0/../../../../xtensa-esp32-elf/include/c++/12.2.0]
  ignore line: [ /Users/krzysztof/.espressif/tools/xtensa-esp32-elf/esp-12.2.0_20230208/xtensa-esp32-elf/bin/../lib/gcc/xtensa-esp32-elf/12.2.0/../../../../xtensa-esp32-elf/include/c++/12.2.0/xtensa-esp32-elf]
  ignore line: [ /Users/krzysztof/.espressif/tools/xtensa-esp32-elf/esp-12.2.0_20230208/xtensa-esp32-elf/bin/../lib/gcc/xtensa-esp32-elf/12.2.0/../../../../xtensa-esp32-elf/include/c++/12.2.0/backward]
  ignore line: [ /Users/krzysztof/.espressif/tools/xtensa-esp32-elf/esp-12.2.0_20230208/xtensa-esp32-elf/bin/../lib/gcc/xtensa-esp32-elf/12.2.0/include]
  ignore line: [ /Users/krzysztof/.espressif/tools/xtensa-esp32-elf/esp-12.2.0_20230208/xtensa-esp32-elf/bin/../lib/gcc/xtensa-esp32-elf/12.2.0/include-fixed]
  ignore line: [ /Users/krzysztof/.espressif/tools/xtensa-esp32-elf/esp-12.2.0_20230208/xtensa-esp32-elf/bin/../lib/gcc/xtensa-esp32-elf/12.2.0/../../../../xtensa-esp32-elf/sys-include]
  ignore line: [ /Users/krzysztof/.espressif/tools/xtensa-esp32-elf/esp-12.2.0_20230208/xtensa-esp32-elf/bin/../lib/gcc/xtensa-esp32-elf/12.2.0/../../../../xtensa-esp32-elf/include]
  ignore line: [End of search list.]
  ignore line: [GNU C++17 (crosstool-NG esp-12.2.0_20230208) version 12.2.0 (xtensa-esp32-elf)]
  ignore line: [	compiled by GNU C version Apple LLVM 13.0.0 (clang-1300.0.27.3)  GMP version 6.2.1  MPFR version 4.1.0  MPC version 1.2.1  isl version isl-0.24-GMP]
  ignore line: []
  ignore line: [GGC heuristics: --param ggc-min-expand=100 --param ggc-min-heapsize=131072]
  ignore line: [Compiler executable checksum: 001a1709fcfdfaf0aca5244a702b9403]
  ignore line: [COLLECT_GCC_OPTIONS='-mlongcalls' '-Wno-frame-address' '-v' '-o' 'CMakeFiles/cmTC_1f087.dir/CMakeCXXCompilerABI.cpp.obj' '-c' '-dumpdir' 'CMakeFiles/cmTC_1f087.dir/']
  ignore line: [ /Users/krzysztof/.espressif/tools/xtensa-esp32-elf/esp-12.2.0_20230208/xtensa-esp32-elf/bin/../lib/gcc/xtensa-esp32-elf/12.2.0/../../../../xtensa-esp32-elf/bin/as --traditional-format --longcalls -o CMakeFiles/cmTC_1f087.dir/CMakeCXXCompilerABI.cpp.obj /var/folders/dm/001043k534bcc805s83rjrmc0000gn/T//ccSJ3jdK.s]
  ignore line: [COMPILER_PATH=/Users/krzysztof/.espressif/tools/xtensa-esp32-elf/esp-12.2.0_20230208/xtensa-esp32-elf/bin/../libexec/gcc/xtensa-esp32-elf/12.2.0/:/Users/krzysztof/.espressif/tools/xtensa-esp32-elf/esp-12.2.0_20230208/xtensa-esp32-elf/bin/../libexec/gcc/:/Users/krzysztof/.espressif/tools/xtensa-esp32-elf/esp-12.2.0_20230208/xtensa-esp32-elf/bin/../lib/gcc/xtensa-esp32-elf/12.2.0/../../../../xtensa-esp32-elf/bin/]
  ignore line: [LIBRARY_PATH=/Users/krzysztof/.espressif/tools/xtensa-esp32-elf/esp-12.2.0_20230208/xtensa-esp32-elf/bin/../lib/gcc/xtensa-esp32-elf/12.2.0/:/Users/krzysztof/.espressif/tools/xtensa-esp32-elf/esp-12.2.0_20230208/xtensa-esp32-elf/bin/../lib/gcc/:/Users/krzysztof/.espressif/tools/xtensa-esp32-elf/esp-12.2.0_20230208/xtensa-esp32-elf/bin/../lib/gcc/xtensa-esp32-elf/12.2.0/../../../../xtensa-esp32-elf/lib/]
  ignore line: [COLLECT_GCC_OPTIONS='-mlongcalls' '-Wno-frame-address' '-v' '-o' 'CMakeFiles/cmTC_1f087.dir/CMakeCXXCompilerABI.cpp.obj' '-c' '-dumpdir' 'CMakeFiles/cmTC_1f087.dir/CMakeCXXCompilerABI.cpp.']
  ignore line: [[2/2] Linking CXX executable cmTC_1f087]
  ignore line: [Using built-in specs.]
  ignore line: [COLLECT_GCC=/Users/krzysztof/.espressif/tools/xtensa-esp32-elf/esp-12.2.0_20230208/xtensa-esp32-elf/bin/xtensa-esp32-elf-g++]
  ignore line: [COLLECT_LTO_WRAPPER=/Users/krzysztof/.espressif/tools/xtensa-esp32-elf/esp-12.2.0_20230208/xtensa-esp32-elf/bin/../libexec/gcc/xtensa-esp32-elf/12.2.0/lto-wrapper]
  ignore line: [Target: xtensa-esp32-elf]
  ignore line: [Configured with: /Users/brnomac003/.gitlab-runner/builds/qR2TxTby/0/idf/crosstool-NG/.build/xtensa-esp32-elf/src/gcc/configure --build=aarch64-build_apple-darwin21.4.0 --host=aarch64-build_apple-darwin21.4.0 --target=xtensa-esp32-elf --prefix=/Users/brnomac003/.gitlab-runner/builds/qR2TxTby/0/idf/crosstool-NG/builds/xtensa-esp32-elf --exec_prefix=/Users/brnomac003/.gitlab-runner/builds/qR2TxTby/0/idf/crosstool-NG/builds/xtensa-esp32-elf --with-local-prefix=/Users/brnomac003/.gitlab-runner/builds/qR2TxTby/0/idf/crosstool-NG/builds/xtensa-esp32-elf/xtensa-esp32-elf --with-headers=/Users/brnomac003/.gitlab-runner/builds/qR2TxTby/0/idf/crosstool-NG/builds/xtensa-esp32-elf/xtensa-esp32-elf/include --with-newlib --enable-threads=no --disable-shared --with-pkgversion='crosstool-NG esp-12.2.0_20230208' --disable-__cxa_atexit --enable-cxx-flags=-ffunction-sections --disable-libgomp --disable-libmudflap --disable-libmpx --disable-libssp --disable-libquadmath --disable-libquadmath-support --disable-libstdcxx-verbose --with-gmp=/Users/brnomac003/.gitlab-runner/builds/qR2TxTby/0/idf/crosstool-NG/.build/xtensa-esp32-elf/buildtools --with-mpfr=/Users/brnomac003/.gitlab-runner/builds/qR2TxTby/0/idf/crosstool-NG/.build/xtensa-esp32-elf/buildtools --with-mpc=/Users/brnomac003/.gitlab-runner/builds/qR2TxTby/0/idf/crosstool-NG/.build/xtensa-esp32-elf/buildtools --with-isl=/Users/brnomac003/.gitlab-runner/builds/qR2TxTby/0/idf/crosstool-NG/.build/xtensa-esp32-elf/buildtools --enable-lto --enable-target-optspace --without-long-double-128 --disable-nls --enable-multiarch --enable-languages=c c++ --disable-libstdcxx-verbose --enable-threads=posix --enable-gcov-custom-rtio --enable-libstdcxx-time=yes]
  ignore line: [Thread model: posix]
  ignore line: [Supported LTO compression algorithms: zlib]
  ignore line: [gcc version 12.2.0 (crosstool-NG esp-12.2.0_20230208) ]
  ignore line: [COMPILER_PATH=/Users/krzysztof/.espressif/tools/xtensa-esp32-elf/esp-12.2.0_20230208/xtensa-esp32-elf/bin/../libexec/gcc/xtensa-esp32-elf/12.2.0/:/Users/krzysztof/.espressif/tools/xtensa-esp32-elf/esp-12.2.0_20230208/xtensa-esp32-elf/bin/../libexec/gcc/:/Users/krzysztof/.espressif/tools/xtensa-esp32-elf/esp-12.2.0_20230208/xtensa-esp32-elf/bin/../lib/gcc/xtensa-esp32-elf/12.2.0/../../../../xtensa-esp32-elf/bin/]
  ignore line: [LIBRARY_PATH=/Users/krzysztof/.espressif/tools/xtensa-esp32-elf/esp-12.2.0_20230208/xtensa-esp32-elf/bin/../lib/gcc/xtensa-esp32-elf/12.2.0/:/Users/krzysztof/.espressif/tools/xtensa-esp32-elf/esp-12.2.0_20230208/xtensa-esp32-elf/bin/../lib/gcc/:/Users/krzysztof/.espressif/tools/xtensa-esp32-elf/esp-12.2.0_20230208/xtensa-esp32-elf/bin/../lib/gcc/xtensa-esp32-elf/12.2.0/../../../../xtensa-esp32-elf/lib/]
  ignore line: [COLLECT_GCC_OPTIONS='-mlongcalls' '-Wno-frame-address' '-v' '-o' 'cmTC_1f087' '-dumpdir' 'cmTC_1f087.']
  link line: [ /Users/krzysztof/.espressif/tools/xtensa-esp32-elf/esp-12.2.0_20230208/xtensa-esp32-elf/bin/../libexec/gcc/xtensa-esp32-elf/12.2.0/collect2 -plugin /Users/krzysztof/.espressif/tools/xtensa-esp32-elf/esp-12.2.0_20230208/xtensa-esp32-elf/bin/../libexec/gcc/xtensa-esp32-elf/12.2.0/liblto_plugin.so -plugin-opt=/Users/krzysztof/.espressif/tools/xtensa-esp32-elf/esp-12.2.0_20230208/xtensa-esp32-elf/bin/../libexec/gcc/xtensa-esp32-elf/12.2.0/lto-wrapper -plugin-opt=-fresolution=/var/folders/dm/001043k534bcc805s83rjrmc0000gn/T//ccZdOGXx.res -plugin-opt=-pass-through=-lgcc -plugin-opt=-pass-through=-lc -plugin-opt=-pass-through=-lnosys -plugin-opt=-pass-through=-lc -plugin-opt=-pass-through=-lgcc -o cmTC_1f087 /Users/krzysztof/.espressif/tools/xtensa-esp32-elf/esp-12.2.0_20230208/xtensa-esp32-elf/bin/../lib/gcc/xtensa-esp32-elf/12.2.0/../../../../xtensa-esp32-elf/lib/crt0.o /Users/krzysztof/.espressif/tools/xtensa-esp32-elf/esp-12.2.0_20230208/xtensa-esp32-elf/bin/../lib/gcc/xtensa-esp32-elf/12.2.0/crti.o /Users/krzysztof/.espressif/tools/xtensa-esp32-elf/esp-12.2.0_20230208/xtensa-esp32-elf/bin/../lib/gcc/xtensa-esp32-elf/12.2.0/crtbegin.o -L/Users/krzysztof/.espressif/tools/xtensa-esp32-elf/esp-12.2.0_20230208/xtensa-esp32-elf/bin/../lib/gcc/xtensa-esp32-elf/12.2.0 -L/Users/krzysztof/.espressif/tools/xtensa-esp32-elf/esp-12.2.0_20230208/xtensa-esp32-elf/bin/../lib/gcc -L/Users/krzysztof/.espressif/tools/xtensa-esp32-elf/esp-12.2.0_20230208/xtensa-esp32-elf/bin/../lib/gcc/xtensa-esp32-elf/12.2.0/../../../../xtensa-esp32-elf/lib CMakeFiles/cmTC_1f087.dir/CMakeCXXCompilerABI.cpp.obj -lstdc++ -lm -lgcc -lc -lnosys -lc -lgcc /Users/krzysztof/.espressif/tools/xtensa-esp32-elf/esp-12.2.0_20230208/xtensa-esp32-elf/bin/../lib/gcc/xtensa-esp32-elf/12.2.0/crtend.o /Users/krzysztof/.espressif/tools/xtensa-esp32-elf/esp-12.2.0_20230208/xtensa-esp32-elf/bin/../lib/gcc/xtensa-esp32-elf/12.2.0/crtn.o]
    arg [/Users/krzysztof/.espressif/tools/xtensa-esp32-elf/esp-12.2.0_20230208/xtensa-esp32-elf/bin/../libexec/gcc/xtensa-esp32-elf/12.2.0/collect2] ==> ignore
    arg [-plugin] ==> ignore
    arg [/Users/krzysztof/.espressif/tools/xtensa-esp32-elf/esp-12.2.0_20230208/xtensa-esp32-elf/bin/../libexec/gcc/xtensa-esp32-elf/12.2.0/liblto_plugin.so] ==> ignore
    arg [-plugin-opt=/Users/krzysztof/.espressif/tools/xtensa-esp32-elf/esp-12.2.0_20230208/xtensa-esp32-elf/bin/../libexec/gcc/xtensa-esp32-elf/12.2.0/lto-wrapper] ==> ignore
    arg [-plugin-opt=-fresolution=/var/folders/dm/001043k534bcc805s83rjrmc0000gn/T//ccZdOGXx.res] ==> ignore
    arg [-plugin-opt=-pass-through=-lgcc] ==> ignore
    arg [-plugin-opt=-pass-through=-lc] ==> ignore
    arg [-plugin-opt=-pass-through=-lnosys] ==> ignore
    arg [-plugin-opt=-pass-through=-lc] ==> ignore
    arg [-plugin-opt=-pass-through=-lgcc] ==> ignore
    arg [-o] ==> ignore
    arg [cmTC_1f087] ==> ignore
    arg [/Users/krzysztof/.espressif/tools/xtensa-esp32-elf/esp-12.2.0_20230208/xtensa-esp32-elf/bin/../lib/gcc/xtensa-esp32-elf/12.2.0/../../../../xtensa-esp32-elf/lib/crt0.o] ==> obj [/Users/krzysztof/.espressif/tools/xtensa-esp32-elf/esp-12.2.0_20230208/xtensa-esp32-elf/bin/../lib/gcc/xtensa-esp32-elf/12.2.0/../../../../xtensa-esp32-elf/lib/crt0.o]
    arg [/Users/krzysztof/.espressif/tools/xtensa-esp32-elf/esp-12.2.0_20230208/xtensa-esp32-elf/bin/../lib/gcc/xtensa-esp32-elf/12.2.0/crti.o] ==> obj [/Users/krzysztof/.espressif/tools/xtensa-esp32-elf/esp-12.2.0_20230208/xtensa-esp32-elf/bin/../lib/gcc/xtensa-esp32-elf/12.2.0/crti.o]
    arg [/Users/krzysztof/.espressif/tools/xtensa-esp32-elf/esp-12.2.0_20230208/xtensa-esp32-elf/bin/../lib/gcc/xtensa-esp32-elf/12.2.0/crtbegin.o] ==> obj [/Users/krzysztof/.espressif/tools/xtensa-esp32-elf/esp-12.2.0_20230208/xtensa-esp32-elf/bin/../lib/gcc/xtensa-esp32-elf/12.2.0/crtbegin.o]
    arg [-L/Users/krzysztof/.espressif/tools/xtensa-esp32-elf/esp-12.2.0_20230208/xtensa-esp32-elf/bin/../lib/gcc/xtensa-esp32-elf/12.2.0] ==> dir [/Users/krzysztof/.espressif/tools/xtensa-esp32-elf/esp-12.2.0_20230208/xtensa-esp32-elf/bin/../lib/gcc/xtensa-esp32-elf/12.2.0]
    arg [-L/Users/krzysztof/.espressif/tools/xtensa-esp32-elf/esp-12.2.0_20230208/xtensa-esp32-elf/bin/../lib/gcc] ==> dir [/Users/krzysztof/.espressif/tools/xtensa-esp32-elf/esp-12.2.0_20230208/xtensa-esp32-elf/bin/../lib/gcc]
    arg [-L/Users/krzysztof/.espressif/tools/xtensa-esp32-elf/esp-12.2.0_20230208/xtensa-esp32-elf/bin/../lib/gcc/xtensa-esp32-elf/12.2.0/../../../../xtensa-esp32-elf/lib] ==> dir [/Users/krzysztof/.espressif/tools/xtensa-esp32-elf/esp-12.2.0_20230208/xtensa-esp32-elf/bin/../lib/gcc/xtensa-esp32-elf/12.2.0/../../../../xtensa-esp32-elf/lib]
    arg [CMakeFiles/cmTC_1f087.dir/CMakeCXXCompilerABI.cpp.obj] ==> ignore
    arg [-lstdc++] ==> lib [stdc++]
    arg [-lm] ==> lib [m]
    arg [-lgcc] ==> lib [gcc]
    arg [-lc] ==> lib [c]
    arg [-lnosys] ==> lib [nosys]
    arg [-lc] ==> lib [c]
    arg [-lgcc] ==> lib [gcc]
    arg [/Users/krzysztof/.espressif/tools/xtensa-esp32-elf/esp-12.2.0_20230208/xtensa-esp32-elf/bin/../lib/gcc/xtensa-esp32-elf/12.2.0/crtend.o] ==> obj [/Users/krzysztof/.espressif/tools/xtensa-esp32-elf/esp-12.2.0_20230208/xtensa-esp32-elf/bin/../lib/gcc/xtensa-esp32-elf/12.2.0/crtend.o]
    arg [/Users/krzysztof/.espressif/tools/xtensa-esp32-elf/esp-12.2.0_20230208/xtensa-esp32-elf/bin/../lib/gcc/xtensa-esp32-elf/12.2.0/crtn.o] ==> obj [/Users/krzysztof/.espressif/tools/xtensa-esp32-elf/esp-12.2.0_20230208/xtensa-esp32-elf/bin/../lib/gcc/xtensa-esp32-elf/12.2.0/crtn.o]
  collapse obj [/Users/krzysztof/.espressif/tools/xtensa-esp32-elf/esp-12.2.0_20230208/xtensa-esp32-elf/bin/../lib/gcc/xtensa-esp32-elf/12.2.0/../../../../xtensa-esp32-elf/lib/crt0.o] ==> [/Users/krzysztof/.espressif/tools/xtensa-esp32-elf/esp-12.2.0_20230208/xtensa-esp32-elf/xtensa-esp32-elf/lib/crt0.o]
  collapse obj [/Users/krzysztof/.espressif/tools/xtensa-esp32-elf/esp-12.2.0_20230208/xtensa-esp32-elf/bin/../lib/gcc/xtensa-esp32-elf/12.2.0/crti.o] ==> [/Users/krzysztof/.espressif/tools/xtensa-esp32-elf/esp-12.2.0_20230208/xtensa-esp32-elf/lib/gcc/xtensa-esp32-elf/12.2.0/crti.o]
  collapse obj [/Users/krzysztof/.espressif/tools/xtensa-esp32-elf/esp-12.2.0_20230208/xtensa-esp32-elf/bin/../lib/gcc/xtensa-esp32-elf/12.2.0/crtbegin.o] ==> [/Users/krzysztof/.espressif/tools/xtensa-esp32-elf/esp-12.2.0_20230208/xtensa-esp32-elf/lib/gcc/xtensa-esp32-elf/12.2.0/crtbegin.o]
  collapse obj [/Users/krzysztof/.espressif/tools/xtensa-esp32-elf/esp-12.2.0_20230208/xtensa-esp32-elf/bin/../lib/gcc/xtensa-esp32-elf/12.2.0/crtend.o] ==> [/Users/krzysztof/.espressif/tools/xtensa-esp32-elf/esp-12.2.0_20230208/xtensa-esp32-elf/lib/gcc/xtensa-esp32-elf/12.2.0/crtend.o]
  collapse obj [/Users/krzysztof/.espressif/tools/xtensa-esp32-elf/esp-12.2.0_20230208/xtensa-esp32-elf/bin/../lib/gcc/xtensa-esp32-elf/12.2.0/crtn.o] ==> [/Users/krzysztof/.espressif/tools/xtensa-esp32-elf/esp-12.2.0_20230208/xtensa-esp32-elf/lib/gcc/xtensa-esp32-elf/12.2.0/crtn.o]
  collapse library dir [/Users/krzysztof/.espressif/tools/xtensa-esp32-elf/esp-12.2.0_20230208/xtensa-esp32-elf/bin/../lib/gcc/xtensa-esp32-elf/12.2.0] ==> [/Users/krzysztof/.espressif/tools/xtensa-esp32-elf/esp-12.2.0_20230208/xtensa-esp32-elf/lib/gcc/xtensa-esp32-elf/12.2.0]
  collapse library dir [/Users/krzysztof/.espressif/tools/xtensa-esp32-elf/esp-12.2.0_20230208/xtensa-esp32-elf/bin/../lib/gcc] ==> [/Users/krzysztof/.espressif/tools/xtensa-esp32-elf/esp-12.2.0_20230208/xtensa-esp32-elf/lib/gcc]
  collapse library dir [/Users/krzysztof/.espressif/tools/xtensa-esp32-elf/esp-12.2.0_20230208/xtensa-esp32-elf/bin/../lib/gcc/xtensa-esp32-elf/12.2.0/../../../../xtensa-esp32-elf/lib] ==> [/Users/krzysztof/.espressif/tools/xtensa-esp32-elf/esp-12.2.0_20230208/xtensa-esp32-elf/xtensa-esp32-elf/lib]
  implicit libs: [stdc++;m;gcc;c;nosys;c;gcc]
  implicit objs: [/Users/krzysztof/.espressif/tools/xtensa-esp32-elf/esp-12.2.0_20230208/xtensa-esp32-elf/xtensa-esp32-elf/lib/crt0.o;/Users/krzysztof/.espressif/tools/xtensa-esp32-elf/esp-12.2.0_20230208/xtensa-esp32-elf/lib/gcc/xtensa-esp32-elf/12.2.0/crti.o;/Users/krzysztof/.espressif/tools/xtensa-esp32-elf/esp-12.2.0_20230208/xtensa-esp32-elf/lib/gcc/xtensa-esp32-elf/12.2.0/crtbegin.o;/Users/krzysztof/.espressif/tools/xtensa-esp32-elf/esp-12.2.0_20230208/xtensa-esp32-elf/lib/gcc/xtensa-esp32-elf/12.2.0/crtend.o;/Users/krzysztof/.espressif/tools/xtensa-esp32-elf/esp-12.2.0_20230208/xtensa-esp32-elf/lib/gcc/xtensa-esp32-elf/12.2.0/crtn.o]
  implicit dirs: [/Users/krzysztof/.espressif/tools/xtensa-esp32-elf/esp-12.2.0_20230208/xtensa-esp32-elf/lib/gcc/xtensa-esp32-elf/12.2.0;/Users/krzysztof/.espressif/tools/xtensa-esp32-elf/esp-12.2.0_20230208/xtensa-esp32-elf/lib/gcc;/Users/krzysztof/.espressif/tools/xtensa-esp32-elf/esp-12.2.0_20230208/xtensa-esp32-elf/xtensa-esp32-elf/lib]
  implicit fwks: []


